<html>
<body>
<pre>
<h1>µVision Build Log</h1>
<h2>Tool Versions:</h2>
IDE-Version: µVision V5.38.0.0
Copyright (C) 2022 ARM Ltd and ARM Germany GmbH. All rights reserved.
License Information: alexander voronkov, amur state university, LIC=----
 
Tool Versions:
Toolchain:       MDK-Lite  Version: 5.38.0.0
Toolchain Path:  C:\Keil_v5\ARM\ARMCLANG\Bin
C Compiler:      ArmClang.exe V6.19
Assembler:       Armasm.exe V6.19
Linker/Locator:  ArmLink.exe V6.19
Library Manager: ArmAr.exe V6.19
Hex Converter:   FromElf.exe V6.19
CPU DLL:         SARMCM3.DLL V5.38.0.0
Dialog DLL:      DCM.DLL V1.17.5.0
Target DLL:      UL2CM3.DLL V1.164.8.0
Dialog DLL:      TCM.DLL V1.56.4.0
 
<h2>Project:</h2>
C:\keil_projects\mdr32_uav\mdr32_uav.uvprojx
Project File Date:  11/19/2023

<h2>Output:</h2>
*** Using Compiler 'V6.19', folder: 'C:\Keil_v5\ARM\ARMCLANG\Bin'
Rebuild target 'Target 1'
compiling ibus.c...
compiling clock.c...
compiling esc_control.c...
compiling uart.c...
compiling main.c...
compiling system_MDR32F9Q2I.c...
compiling MDR32FxQI_port.c...
compiling MDR32FxQI_eeprom.c...
compiling MDR32FxQI_rst_clk.c...
assembling MDR32FxQI_asm.S...
assembling startup_MDR32F9Q2I.S...
compiling MDR32FxQI_utils.c...
compiling MDR32FxQI_uart.c...
compiling MDR32FxQI_timer.c...
linking...
Program Size: Code=12584 RO-data=792 RW-data=4 ZI-data=1784  
FromELF: creating hex file...
".\Objects\mdr32_uav.axf" - 0 Error(s), 0 Warning(s).

<h2>Software Packages used:</h2>

Package Vendor: Milandr
                https://ic.milandr.ru/soft/Milandr.MDR32FxQI.1.1.pack
                Milandr.MDR32FxQI.1.1
                Milandr MDR32FxQI Series Device Support, Drivers and Examples
   * Component: Startup Version: 2.1.0i
   * Component: EEPROM Version: 2.1.0i
   * Component: PORT Version: 2.0.3i
   * Component: RST_CLK Version: 2.0.3i
   * Component: TIMER Version: 2.1.0i
   * Component: UART Version: 2.1.0i
   * Component: UTILS Version: 1.0.0i

<h2>Collection of Component include folders:</h2>
  ./RTE/Device/MDR32F9Q2I
  ./RTE/_Target_1
  C:/Users/voron/AppData/Local/Arm/Packs/Milandr/MDR32FxQI/1.1/Libraries/CMSIS/MDR32FxQI/CoreSupport/CM3
  C:/Users/voron/AppData/Local/Arm/Packs/Milandr/MDR32FxQI/1.1/Libraries/CMSIS/MDR32FxQI/DeviceSupport/MDR32F9Q2I/inc
  C:/Users/voron/AppData/Local/Arm/Packs/Milandr/MDR32FxQI/1.1/Libraries/SPL/MDR32FxQI/inc

<h2>Collection of Component Files used:</h2>

   * Component: Milandr::Device:Startup:2.1.0i
      Include file:  Libraries/SPL/MDR32FxQI/inc/IRQ_Handler_Template/MDR32F9Q2I_IT.h
      Include file:  Libraries/CMSIS/MDR32FxQI/CoreSupport/CM3/core_cm3.h
      Include file:  Libraries/CMSIS/MDR32FxQI/DeviceSupport/MDR32F9Q2I/startup/system_MDR32F9Q2I.h
      Source file:   Libraries/CMSIS/MDR32FxQI/DeviceSupport/MDR32F9Q2I/startup/arm/startup_MDR32F9Q2I.S
      Source file:   Libraries/SPL/MDR32FxQI/src/IRQ_Handler_Template/MDR32F9Q2I_IT.c
      Include file:  Libraries/CMSIS/MDR32FxQI/DeviceSupport/MDR32F9Q2I/inc/MDR32F9Q2I.h
      Include file:  Libraries/SPL/MDR32FxQI/MDR32FxQI_config.h
      Source file:   Libraries/CMSIS/MDR32FxQI/DeviceSupport/MDR32F9Q2I/startup/system_MDR32F9Q2I.c

   * Component: Milandr::Drivers:EEPROM:2.1.0i
      Source file:   Libraries/SPL/MDR32FxQI/src/MDR32FxQI_asm.S
      Include file:  Libraries/SPL/MDR32FxQI/inc/MDR32FxQI_eeprom.h
      Source file:   Libraries/SPL/MDR32FxQI/src/MDR32FxQI_eeprom.c

   * Component: Milandr::Drivers:PORT:2.0.3i
      Source file:   Libraries/SPL/MDR32FxQI/src/MDR32FxQI_port.c
      Include file:  Libraries/SPL/MDR32FxQI/inc/MDR32FxQI_port.h

   * Component: Milandr::Drivers:RST_CLK:2.0.3i
      Include file:  Libraries/SPL/MDR32FxQI/inc/MDR32FxQI_rst_clk.h
      Source file:   Libraries/SPL/MDR32FxQI/src/MDR32FxQI_rst_clk.c

   * Component: Milandr::Drivers:TIMER:2.1.0i
      Source file:   Libraries/SPL/MDR32FxQI/src/MDR32FxQI_timer.c
      Include file:  Libraries/SPL/MDR32FxQI/inc/MDR32FxQI_timer.h

   * Component: Milandr::Drivers:UART:2.1.0i
      Source file:   Libraries/SPL/MDR32FxQI/src/MDR32FxQI_uart.c
      Include file:  Libraries/SPL/MDR32FxQI/inc/MDR32FxQI_uart.h

   * Component: Milandr::Drivers:UTILS:1.0.0i
      Source file:   Libraries/SPL/MDR32FxQI/src/MDR32FxQI_utils.c
      Include file:  Libraries/SPL/MDR32FxQI/inc/MDR32FxQI_utils.h
      Source file:   Libraries/SPL/MDR32FxQI/src/MDR32FxQI_asm.S
Build Time Elapsed:  00:00:01
</pre>
</body>
</html>
