Component: Arm Compiler for Embedded 6.19 Tool: armlink [5e73cb00]

==============================================================================

Section Cross References

    main.o(.text.UART1_IRQHandler) refers to mdr32fxqi_uart.o(.text.UART_GetITStatusMasked) for UART_GetITStatusMasked
    main.o(.text.UART1_IRQHandler) refers to mdr32fxqi_uart.o(.text.UART_ClearITPendingBit) for UART_ClearITPendingBit
    main.o(.text.UART1_IRQHandler) refers to mdr32fxqi_uart.o(.text.UART_ReceiveData) for UART_ReceiveData
    main.o(.text.UART1_IRQHandler) refers to main.o(.bss.iBusMotors) for iBusMotors
    main.o(.text.UART1_IRQHandler) refers to ibus.o(.text.iBus_handler) for iBus_handler
    main.o(.ARM.exidx.text.UART1_IRQHandler) refers to main.o(.text.UART1_IRQHandler) for [Anonymous Symbol]
    main.o(.text.main) refers to clock.o(.text.ClockInit) for ClockInit
    main.o(.text.main) refers to uart.o(.text.DebugUARTInit) for DebugUARTInit
    main.o(.text.main) refers to uart.o(.text.iBusUARTInit) for iBusUARTInit
    main.o(.text.main) refers to esc_control.o(.text.SimonkInit) for SimonkInit
    main.o(.text.main) refers to esc_control.o(.text.SimonkCalibrate) for SimonkCalibrate
    main.o(.text.main) refers to main.o(.bss.iBusMotors) for iBusMotors
    main.o(.text.main) refers to ibus.o(.text.read_iBusChannel) for read_iBusChannel
    main.o(.text.main) refers to main.o(.rodata.str1.1) for .L.str
    main.o(.text.main) refers to printf.o(.text) for printf
    main.o(.text.main) refers to clock.o(.text.SysTick_IntegerDelay) for SysTick_IntegerDelay
    main.o(.ARM.exidx.text.main) refers to main.o(.text.main) for [Anonymous Symbol]
    esc_control.o(.text.SimonkInit) refers to mdr32fxqi_rst_clk.o(.text.RST_CLK_PCLKcmd) for RST_CLK_PCLKcmd
    esc_control.o(.text.SimonkInit) refers to mdr32fxqi_port.o(.text.PORT_StructInit) for PORT_StructInit
    esc_control.o(.text.SimonkInit) refers to mdr32fxqi_port.o(.text.PORT_Init) for PORT_Init
    esc_control.o(.text.SimonkInit) refers to mdr32fxqi_timer.o(.text.TIMER_DeInit) for TIMER_DeInit
    esc_control.o(.text.SimonkInit) refers to mdr32fxqi_timer.o(.text.TIMER_BRGInit) for TIMER_BRGInit
    esc_control.o(.text.SimonkInit) refers to mdr32fxqi_timer.o(.text.TIMER_CntInit) for TIMER_CntInit
    esc_control.o(.text.SimonkInit) refers to mdr32fxqi_timer.o(.text.TIMER_ChnStructInit) for TIMER_ChnStructInit
    esc_control.o(.text.SimonkInit) refers to mdr32fxqi_timer.o(.text.TIMER_ChnInit) for TIMER_ChnInit
    esc_control.o(.text.SimonkInit) refers to mdr32fxqi_timer.o(.text.TIMER_ChnOutStructInit) for TIMER_ChnOutStructInit
    esc_control.o(.text.SimonkInit) refers to mdr32fxqi_timer.o(.text.TIMER_ChnOutInit) for TIMER_ChnOutInit
    esc_control.o(.text.SimonkInit) refers to mdr32fxqi_timer.o(.text.TIMER_Cmd) for TIMER_Cmd
    esc_control.o(.text.SimonkInit) refers to mdr32fxqi_timer.o(.text.TIMER_SetChnCompare) for TIMER_SetChnCompare
    esc_control.o(.ARM.exidx.text.SimonkInit) refers to esc_control.o(.text.SimonkInit) for [Anonymous Symbol]
    esc_control.o(.text.SimonkCalibrate) refers to mdr32fxqi_timer.o(.text.TIMER_SetChnCompare) for TIMER_SetChnCompare
    esc_control.o(.text.SimonkCalibrate) refers to clock.o(.text.SysTick_IntegerDelay) for SysTick_IntegerDelay
    esc_control.o(.ARM.exidx.text.SimonkCalibrate) refers to esc_control.o(.text.SimonkCalibrate) for [Anonymous Symbol]
    ibus.o(.text.iBus_handler) refers to ibus.o(.bss.iBus_handler.ibus_state) for iBus_handler.ibus_state
    ibus.o(.text.iBus_handler) refers to ibus.o(.bss.iBus_handler.current_index) for iBus_handler.current_index
    ibus.o(.text.iBus_handler) refers to ibus.o(.bss.iBus_handler.message_length) for iBus_handler.message_length
    ibus.o(.text.iBus_handler) refers to ibus.o(.bss.iBus_handler.chksum) for iBus_handler.chksum
    ibus.o(.text.iBus_handler) refers to ibus.o(.bss.iBus_handler.buffer) for iBus_handler.buffer
    ibus.o(.text.iBus_handler) refers to ibus.o(.bss.iBus_handler.chksuml) for iBus_handler.chksuml
    ibus.o(.ARM.exidx.text.iBus_handler) refers to ibus.o(.text.iBus_handler) for [Anonymous Symbol]
    ibus.o(.ARM.exidx.text.read_iBusChannel) refers to ibus.o(.text.read_iBusChannel) for [Anonymous Symbol]
    uart.o(.text.iBusUARTInit) refers to mdr32fxqi_rst_clk.o(.text.RST_CLK_PCLKcmd) for RST_CLK_PCLKcmd
    uart.o(.text.iBusUARTInit) refers to mdr32fxqi_port.o(.text.PORT_Init) for PORT_Init
    uart.o(.text.iBusUARTInit) refers to mdr32fxqi_uart.o(.text.UART_BRGInit) for UART_BRGInit
    uart.o(.text.iBusUARTInit) refers to uart.o(.text.NVIC_EnableIRQ) for NVIC_EnableIRQ
    uart.o(.text.iBusUARTInit) refers to mdr32fxqi_uart.o(.text.UART_Init) for UART_Init
    uart.o(.text.iBusUARTInit) refers to mdr32fxqi_uart.o(.text.UART_ITConfig) for UART_ITConfig
    uart.o(.text.iBusUARTInit) refers to mdr32fxqi_uart.o(.text.UART_Cmd) for UART_Cmd
    uart.o(.ARM.exidx.text.iBusUARTInit) refers to uart.o(.text.iBusUARTInit) for [Anonymous Symbol]
[...]
    ../clib/printf.c                         0x00000000   Number         0  _printf_fp_dec.o ABSOLUTE
    ../clib/printf.c                         0x00000000   Number         0  _printf_fp_dec_accurate.o ABSOLUTE
    ../clib/printf.c                         0x00000000   Number         0  _printf_fp_hex.o ABSOLUTE
    ../clib/printf.c                         0x00000000   Number         0  _printf_char_common.o ABSOLUTE
    ../clib/printf.c                         0x00000000   Number         0  _printf_char.o ABSOLUTE
    ../clib/printf.c                         0x00000000   Number         0  _printf_wchar.o ABSOLUTE
    ../clib/printf.c                         0x00000000   Number         0  _printf_fp_infnan.o ABSOLUTE
    ../clib/printf.c                         0x00000000   Number         0  __printf_nopercent.o ABSOLUTE
    ../clib/printf_percent.s                 0x00000000   Number         0  _printf_c.o ABSOLUTE
    ../clib/printf_percent.s                 0x00000000   Number         0  _printf_s.o ABSOLUTE
    ../clib/printf_percent.s                 0x00000000   Number         0  _printf_n.o ABSOLUTE
    ../clib/printf_percent.s                 0x00000000   Number         0  _printf_x.o ABSOLUTE
    ../clib/printf_percent.s                 0x00000000   Number         0  _printf_p.o ABSOLUTE
    ../clib/printf_percent.s                 0x00000000   Number         0  _printf_o.o ABSOLUTE
    ../clib/printf_percent.s                 0x00000000   Number         0  _printf_i.o ABSOLUTE
    ../clib/printf_percent.s                 0x00000000   Number         0  _printf_d.o ABSOLUTE
    ../clib/printf_percent.s                 0x00000000   Number         0  _printf_u.o ABSOLUTE
    ../clib/printf_percent.s                 0x00000000   Number         0  _printf_f.o ABSOLUTE
    ../clib/printf_percent.s                 0x00000000   Number         0  _printf_e.o ABSOLUTE
    ../clib/printf_percent.s                 0x00000000   Number         0  _printf_g.o ABSOLUTE
    ../clib/printf_percent.s                 0x00000000   Number         0  _printf_a.o ABSOLUTE
    ../clib/printf_percent.s                 0x00000000   Number         0  _printf_percent.o ABSOLUTE
    ../clib/printf_percent.s                 0x00000000   Number         0  _printf_lli.o ABSOLUTE
    ../clib/printf_percent.s                 0x00000000   Number         0  _printf_lld.o ABSOLUTE
    ../clib/printf_percent.s                 0x00000000   Number         0  _printf_llu.o ABSOLUTE
    ../clib/printf_percent.s                 0x00000000   Number         0  _printf_ll.o ABSOLUTE
    ../clib/printf_percent.s                 0x00000000   Number         0  _printf_l.o ABSOLUTE
    ../clib/printf_percent.s                 0x00000000   Number         0  _printf_lc.o ABSOLUTE
    ../clib/printf_percent.s                 0x00000000   Number         0  _printf_ls.o ABSOLUTE
    ../clib/printf_percent.s                 0x00000000   Number         0  _printf_llo.o ABSOLUTE
    ../clib/printf_percent.s                 0x00000000   Number         0  _printf_llx.o ABSOLUTE
    ../clib/printf_percent.s                 0x00000000   Number         0  _printf_percent_end.o ABSOLUTE
    ../clib/signal.c                         0x00000000   Number         0  defsig_rtmem_outer.o ABSOLUTE
    ../clib/signal.c                         0x00000000   Number         0  defsig_rtmem_formal.o ABSOLUTE
    ../clib/signal.c                         0x00000000   Number         0  defsig_exit.o ABSOLUTE
    ../clib/signal.c                         0x00000000   Number         0  defsig_rtmem_inner.o ABSOLUTE
    ../clib/signal.c                         0x00000000   Number         0  __raise.o ABSOLUTE
    ../clib/signal.c                         0x00000000   Number         0  defsig_general.o ABSOLUTE
    ../clib/signal.c                         0x00000000   Number         0  defsig_abrt_inner.o ABSOLUTE
    ../clib/signal.c                         0x00000000   Number         0  defsig_fpe_inner.o ABSOLUTE
    ../clib/signal.c                         0x00000000   Number         0  defsig_rtred_inner.o ABSOLUTE
    ../clib/signal.c                         0x00000000   Number         0  defsig_stak_inner.o ABSOLUTE
    ../clib/signal.c                         0x00000000   Number         0  defsig_pvfn_inner.o ABSOLUTE
    ../clib/signal.c                         0x00000000   Number         0  defsig_cppl_inner.o ABSOLUTE
    ../clib/signal.c                         0x00000000   Number         0  defsig_segv_inner.o ABSOLUTE
    ../clib/signal.c                         0x00000000   Number         0  defsig_other.o ABSOLUTE
    ../clib/signal.s                         0x00000000   Number         0  defsig.o ABSOLUTE
    ../clib/stdio.c                          0x00000000   Number         0  ferror.o ABSOLUTE
    ../clib/stdio.c                          0x00000000   Number         0  ferror_locked.o ABSOLUTE
    ../clib/stdlib.c                         0x00000000   Number         0  exit.o ABSOLUTE
    ../fplib/fpinit.s                        0x00000000   Number         0  fpinit.o ABSOLUTE
    ../fplib/fpinit_empty.s                  0x00000000   Number         0  fpinit_empty.o ABSOLUTE
    ../fplib/istatus.s                       0x00000000   Number         0  istatus.o ABSOLUTE
    ../fplib/printf1.s                       0x00000000   Number         0  printf1.o ABSOLUTE
    ../fplib/printf2.s                       0x00000000   Number         0  printf2.o ABSOLUTE
    ../fplib/printf2a.s                      0x00000000   Number         0  printf2a.o ABSOLUTE
    ../fplib/printf2b.s                      0x00000000   Number         0  printf2b.o ABSOLUTE
    ../fplib/usenofp.s                       0x00000000   Number         0  usenofp.o ABSOLUTE
    ../mathlib/fpclassify.c                  0x00000000   Number         0  fpclassify.o ABSOLUTE
    C:\Users\voron\AppData\Local\Arm\Packs\Milandr\MDR32FxQI\1.1\Libraries\SPL\MDR32FxQI\src\MDR32FxQI_asm.S 0x00000000   Number         0  mdr32fxqi_asm.o ABSOLUTE
    MDR32FxQI_eeprom.c                       0x00000000   Number         0  mdr32fxqi_eeprom.o ABSOLUTE
    MDR32FxQI_port.c                         0x00000000   Number         0  mdr32fxqi_port.o ABSOLUTE
    MDR32FxQI_rst_clk.c                      0x00000000   Number         0  mdr32fxqi_rst_clk.o ABSOLUTE
    MDR32FxQI_timer.c                        0x00000000   Number         0  mdr32fxqi_timer.o ABSOLUTE
    MDR32FxQI_uart.c                         0x00000000   Number         0  mdr32fxqi_uart.o ABSOLUTE
    MDR32FxQI_utils.c                        0x00000000   Number         0  mdr32fxqi_utils.o ABSOLUTE
    RTE\Device\MDR32F9Q2I\startup_MDR32F9Q2I.S 0x00000000   Number         0  startup_mdr32f9q2i.o ABSOLUTE
    clock.c                                  0x00000000   Number         0  clock.o ABSOLUTE
    dc.s                                     0x00000000   Number         0  dc.o ABSOLUTE
    esc_control.c                            0x00000000   Number         0  esc_control.o ABSOLUTE
    ibus.c                                   0x00000000   Number         0  ibus.o ABSOLUTE
    main.c                                   0x00000000   Number         0  main.o ABSOLUTE
    system_MDR32F9Q2I.c                      0x00000000   Number         0  system_mdr32f9q2i.o ABSOLUTE
    uart.c                                   0x00000000   Number         0  uart.o ABSOLUTE
    RESET                                    0x08000000   Section      192  startup_mdr32f9q2i.o(RESET)
    !!!main                                  0x080000c0   Section        8  __main.o(!!!main)
    !!!scatter                               0x080000c8   Section       52  __scatter.o(!!!scatter)
    !!handler_copy                           0x080000fc   Section       26  __scatter_copy.o(!!handler_copy)
    !!handler_zi                             0x08000118   Section       28  __scatter_zi.o(!!handler_zi)
    .ARM.Collect$$_printf_percent$$00000000  0x08000134   Section        0  _printf_percent.o(.ARM.Collect$$_printf_percent$$00000000)
    .ARM.Collect$$_printf_percent$$00000001  0x08000134   Section        6  _printf_n.o(.ARM.Collect$$_printf_percent$$00000001)
    .ARM.Collect$$_printf_percent$$00000002  0x0800013a   Section        6  _printf_p.o(.ARM.Collect$$_printf_percent$$00000002)
    .ARM.Collect$$_printf_percent$$00000003  0x08000140   Section        6  _printf_f.o(.ARM.Collect$$_printf_percent$$00000003)
    .ARM.Collect$$_printf_percent$$00000004  0x08000146   Section        6  _printf_e.o(.ARM.Collect$$_printf_percent$$00000004)
    .ARM.Collect$$_printf_percent$$00000005  0x0800014c   Section        6  _printf_g.o(.ARM.Collect$$_printf_percent$$00000005)
    .ARM.Collect$$_printf_percent$$00000006  0x08000152   Section        6  _printf_a.o(.ARM.Collect$$_printf_percent$$00000006)
    .ARM.Collect$$_printf_percent$$00000007  0x08000158   Section       10  _printf_ll.o(.ARM.Collect$$_printf_percent$$00000007)
    .ARM.Collect$$_printf_percent$$00000008  0x08000162   Section        6  _printf_i.o(.ARM.Collect$$_printf_percent$$00000008)
    .ARM.Collect$$_printf_percent$$00000009  0x08000168   Section        6  _printf_d.o(.ARM.Collect$$_printf_percent$$00000009)
    .ARM.Collect$$_printf_percent$$0000000A  0x0800016e   Section        6  _printf_u.o(.ARM.Collect$$_printf_percent$$0000000A)
    .ARM.Collect$$_printf_percent$$0000000B  0x08000174   Section        6  _printf_o.o(.ARM.Collect$$_printf_percent$$0000000B)
    .ARM.Collect$$_printf_percent$$0000000C  0x0800017a   Section        6  _printf_x.o(.ARM.Collect$$_printf_percent$$0000000C)
    .ARM.Collect$$_printf_percent$$0000000D  0x08000180   Section        6  _printf_lli.o(.ARM.Collect$$_printf_percent$$0000000D)
    .ARM.Collect$$_printf_percent$$0000000E  0x08000186   Section        6  _printf_lld.o(.ARM.Collect$$_printf_percent$$0000000E)
    .ARM.Collect$$_printf_percent$$0000000F  0x0800018c   Section        6  _printf_llu.o(.ARM.Collect$$_printf_percent$$0000000F)
    .ARM.Collect$$_printf_percent$$00000010  0x08000192   Section        6  _printf_llo.o(.ARM.Collect$$_printf_percent$$00000010)
    .ARM.Collect$$_printf_percent$$00000011  0x08000198   Section        6  _printf_llx.o(.ARM.Collect$$_printf_percent$$00000011)
    .ARM.Collect$$_printf_percent$$00000012  0x0800019e   Section       10  _printf_l.o(.ARM.Collect$$_printf_percent$$00000012)
    .ARM.Collect$$_printf_percent$$00000013  0x080001a8   Section        6  _printf_c.o(.ARM.Collect$$_printf_percent$$00000013)
    .ARM.Collect$$_printf_percent$$00000014  0x080001ae   Section        6  _printf_s.o(.ARM.Collect$$_printf_percent$$00000014)
    .ARM.Collect$$_printf_percent$$00000015  0x080001b4   Section        6  _printf_lc.o(.ARM.Collect$$_printf_percent$$00000015)
    .ARM.Collect$$_printf_percent$$00000016  0x080001ba   Section        6  _printf_ls.o(.ARM.Collect$$_printf_percent$$00000016)
    .ARM.Collect$$_printf_percent$$00000017  0x080001c0   Section        4  _printf_percent_end.o(.ARM.Collect$$_printf_percent$$00000017)
    .ARM.Collect$$libinit$$00000000          0x080001c4   Section        2  libinit.o(.ARM.Collect$$libinit$$00000000)
    .ARM.Collect$$libinit$$00000002          0x080001c6   Section        0  libinit2.o(.ARM.Collect$$libinit$$00000002)
    .ARM.Collect$$libinit$$00000004          0x080001c6   Section        0  libinit2.o(.ARM.Collect$$libinit$$00000004)
    .ARM.Collect$$libinit$$00000006          0x080001c6   Section        0  libinit2.o(.ARM.Collect$$libinit$$00000006)
    .ARM.Collect$$libinit$$0000000C          0x080001c6   Section        0  libinit2.o(.ARM.Collect$$libinit$$0000000C)
    .ARM.Collect$$libinit$$0000000E          0x080001c6   Section        0  libinit2.o(.ARM.Collect$$libinit$$0000000E)
    .ARM.Collect$$libinit$$00000010          0x080001c6   Section        0  libinit2.o(.ARM.Collect$$libinit$$00000010)
    .ARM.Collect$$libinit$$00000011          0x080001c6   Section        6  libinit2.o(.ARM.Collect$$libinit$$00000011)
    .ARM.Collect$$libinit$$00000013          0x080001cc   Section        0  libinit2.o(.ARM.Collect$$libinit$$00000013)
    .ARM.Collect$$libinit$$00000014          0x080001cc   Section       12  libinit2.o(.ARM.Collect$$libinit$$00000014)
    .ARM.Collect$$libinit$$00000015          0x080001d8   Section        0  libinit2.o(.ARM.Collect$$libinit$$00000015)
    .ARM.Collect$$libinit$$00000017          0x080001d8   Section        0  libinit2.o(.ARM.Collect$$libinit$$00000017)
    .ARM.Collect$$libinit$$00000018          0x080001d8   Section       10  libinit2.o(.ARM.Collect$$libinit$$00000018)
    .ARM.Collect$$libinit$$00000019          0x080001e2   Section        0  libinit2.o(.ARM.Collect$$libinit$$00000019)
    .ARM.Collect$$libinit$$0000001B          0x080001e2   Section        0  libinit2.o(.ARM.Collect$$libinit$$0000001B)
    .ARM.Collect$$libinit$$0000001D          0x080001e2   Section        0  libinit2.o(.ARM.Collect$$libinit$$0000001D)
    .ARM.Collect$$libinit$$0000001F          0x080001e2   Section        0  libinit2.o(.ARM.Collect$$libinit$$0000001F)
    .ARM.Collect$$libinit$$00000021          0x080001e2   Section        0  libinit2.o(.ARM.Collect$$libinit$$00000021)
    .ARM.Collect$$libinit$$00000023          0x080001e2   Section        0  libinit2.o(.ARM.Collect$$libinit$$00000023)
    .ARM.Collect$$libinit$$00000025          0x080001e2   Section        0  libinit2.o(.ARM.Collect$$libinit$$00000025)
    .ARM.Collect$$libinit$$00000027          0x080001e2   Section        0  libinit2.o(.ARM.Collect$$libinit$$00000027)
    .ARM.Collect$$libinit$$0000002E          0x080001e2   Section        0  libinit2.o(.ARM.Collect$$libinit$$0000002E)
    .ARM.Collect$$libinit$$00000030          0x080001e2   Section        0  libinit2.o(.ARM.Collect$$libinit$$00000030)
    .ARM.Collect$$libinit$$00000032          0x080001e2   Section        0  libinit2.o(.ARM.Collect$$libinit$$00000032)
    .ARM.Collect$$libinit$$00000034          0x080001e2   Section        0  libinit2.o(.ARM.Collect$$libinit$$00000034)
    .ARM.Collect$$libinit$$00000035          0x080001e2   Section        2  libinit2.o(.ARM.Collect$$libinit$$00000035)
    .ARM.Collect$$libshutdown$$00000000      0x080001e4   Section        2  libshutdown.o(.ARM.Collect$$libshutdown$$00000000)
    .ARM.Collect$$libshutdown$$00000002      0x080001e6   Section        0  libshutdown2.o(.ARM.Collect$$libshutdown$$00000002)
    .ARM.Collect$$libshutdown$$00000004      0x080001e6   Section        0  libshutdown2.o(.ARM.Collect$$libshutdown$$00000004)
    .ARM.Collect$$libshutdown$$00000007      0x080001e6   Section        0  libshutdown2.o(.ARM.Collect$$libshutdown$$00000007)
    .ARM.Collect$$libshutdown$$0000000A      0x080001e6   Section        0  libshutdown2.o(.ARM.Collect$$libshutdown$$0000000A)
    .ARM.Collect$$libshutdown$$0000000C      0x080001e6   Section        0  libshutdown2.o(.ARM.Collect$$libshutdown$$0000000C)
    .ARM.Collect$$libshutdown$$0000000F      0x080001e6   Section        0  libshutdown2.o(.ARM.Collect$$libshutdown$$0000000F)
    .ARM.Collect$$libshutdown$$00000010      0x080001e6   Section        2  libshutdown2.o(.ARM.Collect$$libshutdown$$00000010)
    .ARM.Collect$$rtentry$$00000000          0x080001e8   Section        0  __rtentry.o(.ARM.Collect$$rtentry$$00000000)
    .ARM.Collect$$rtentry$$00000002          0x080001e8   Section        0  __rtentry2.o(.ARM.Collect$$rtentry$$00000002)
    .ARM.Collect$$rtentry$$00000004          0x080001e8   Section        6  __rtentry4.o(.ARM.Collect$$rtentry$$00000004)
    .ARM.Collect$$rtentry$$00000009          0x080001ee   Section        0  __rtentry2.o(.ARM.Collect$$rtentry$$00000009)
    .ARM.Collect$$rtentry$$0000000A          0x080001ee   Section        4  __rtentry2.o(.ARM.Collect$$rtentry$$0000000A)
    .ARM.Collect$$rtentry$$0000000C          0x080001f2   Section        0  __rtentry2.o(.ARM.Collect$$rtentry$$0000000C)
    .ARM.Collect$$rtentry$$0000000D          0x080001f2   Section        8  __rtentry2.o(.ARM.Collect$$rtentry$$0000000D)
    .ARM.Collect$$rtexit$$00000000           0x080001fa   Section        2  rtexit.o(.ARM.Collect$$rtexit$$00000000)
    .ARM.Collect$$rtexit$$00000002           0x080001fc   Section        0  rtexit2.o(.ARM.Collect$$rtexit$$00000002)
    .ARM.Collect$$rtexit$$00000003           0x080001fc   Section        4  rtexit2.o(.ARM.Collect$$rtexit$$00000003)
    .ARM.Collect$$rtexit$$00000004           0x08000200   Section        6  rtexit2.o(.ARM.Collect$$rtexit$$00000004)
    .text                                    0x08000208   Section      104  startup_mdr32f9q2i.o(.text)
    .text                                    0x08000270   Section        0  printf.o(.text)
    .text                                    0x08000288   Section        0  heapauxi.o(.text)
    .text                                    0x0800028e   Section        0  _printf_pad.o(.text)
    .text                                    0x080002dc   Section        0  _printf_truncate.o(.text)
    .text                                    0x08000300   Section        0  _printf_str.o(.text)
    .text                                    0x08000354   Section        0  _printf_dec.o(.text)
    .text                                    0x080003cc   Section        0  _printf_charcount.o(.text)
    .text                                    0x080003f4   Section        0  _printf_char_file.o(.text)
    .text                                    0x08000418   Section        0  _printf_wctomb.o(.text)
    .text                                    0x080004d4   Section        0  _printf_longlong_dec.o(.text)
    _printf_longlong_oct_internal            0x08000551   Thumb Code     0  _printf_oct_int_ll.o(.text)
    .text                                    0x08000550   Section        0  _printf_oct_int_ll.o(.text)
    _printf_hex_common                       0x080005c1   Thumb Code     0  _printf_hex_int_ll_ptr.o(.text)
    .text                                    0x080005c0   Section        0  _printf_hex_int_ll_ptr.o(.text)
    .text                                    0x08000654   Section        0  __printf_flags_ss_wp.o(.text)
    .text                                    0x080007dc   Section      138  lludiv10.o(.text)
    .text                                    0x08000866   Section        0  _printf_intcommon.o(.text)
    _fp_digits                               0x08000919   Thumb Code   432  _printf_fp_dec.o(.text)
    .text                                    0x08000918   Section        0  _printf_fp_dec.o(.text)
    .text                                    0x08000d34   Section        0  _printf_fp_hex.o(.text)
    _printf_input_char                       0x08001031   Thumb Code    10  _printf_char_common.o(.text)
    .text                                    0x08001030   Section        0  _printf_char_common.o(.text)
    .text                                    0x08001060   Section        0  _printf_char.o(.text)
    .text                                    0x0800108c   Section        0  _printf_wchar.o(.text)
    .text                                    0x080010b8   Section        0  ferror.o(.text)
    .text                                    0x080010c0   Section        0  _c16rtomb.o(.text)
    .text                                    0x08001108   Section       74  sys_stackheap_outer.o(.text)
    .text                                    0x08001154   Section       16  rt_ctype_table.o(.text)
    .text                                    0x08001164   Section        8  rt_locale_intlibspace.o(.text)
    .text                                    0x0800116c   Section        0  _printf_fp_infnan.o(.text)
    .text                                    0x080011ec   Section        0  bigflt0.o(.text)
    .text                                    0x080012d0   Section        0  exit.o(.text)
    .text                                    0x080012e4   Section        8  libspace.o(.text)
    .text                                    0x080012ec   Section      128  strcmpv7m.o(.text)
    .text                                    0x0800136c   Section        0  sys_exit.o(.text)
    .text                                    0x08001378   Section        2  use_no_semi.o(.text)
    .text                                    0x0800137a   Section        0  indicate_semi.o(.text)
    [Anonymous Symbol]                       0x0800137c   Section        0  clock.o(.text.ClockInit)
    [Anonymous Symbol]                       0x080013e4   Section        0  uart.o(.text.DebugUARTInit)
    [Anonymous Symbol]                       0x0800147c   Section        0  mdr32fxqi_eeprom.o(.text.EEPROM_SetLatency)
    NVIC_EnableIRQ                           0x08001495   Thumb Code    36  uart.o(.text.NVIC_EnableIRQ)
    [Anonymous Symbol]                       0x08001494   Section        0  uart.o(.text.NVIC_EnableIRQ)
    [Anonymous Symbol]                       0x080014b8   Section        0  mdr32fxqi_port.o(.text.PORT_Init)
    [Anonymous Symbol]                       0x08001654   Section        0  mdr32fxqi_port.o(.text.PORT_StructInit)
    [Anonymous Symbol]                       0x0800168c   Section        0  mdr32fxqi_rst_clk.o(.text.RST_CLK_CPU_PLLcmd)
    [Anonymous Symbol]                       0x080016a4   Section        0  mdr32fxqi_rst_clk.o(.text.RST_CLK_CPU_PLLconfig)
    [Anonymous Symbol]                       0x0800170c   Section        0  mdr32fxqi_rst_clk.o(.text.RST_CLK_CPU_PLLstatus)
    [Anonymous Symbol]                       0x08001770   Section        0  mdr32fxqi_rst_clk.o(.text.RST_CLK_CPU_PLLuse)
    [Anonymous Symbol]                       0x08001788   Section        0  mdr32fxqi_rst_clk.o(.text.RST_CLK_CPUclkPrescaler)
    [Anonymous Symbol]                       0x080017b4   Section        0  mdr32fxqi_rst_clk.o(.text.RST_CLK_CPUclkSelection)
    [Anonymous Symbol]                       0x080017e0   Section        0  mdr32fxqi_rst_clk.o(.text.RST_CLK_GetClocksFreq)
    [Anonymous Symbol]                       0x08001aac   Section        0  mdr32fxqi_rst_clk.o(.text.RST_CLK_GetFlagStatus)
    [Anonymous Symbol]                       0x08001b04   Section        0  mdr32fxqi_rst_clk.o(.text.RST_CLK_HSEconfig)
    [Anonymous Symbol]                       0x08001b54   Section        0  mdr32fxqi_rst_clk.o(.text.RST_CLK_HSEstatus)
    [Anonymous Symbol]                       0x08001bb8   Section        0  mdr32fxqi_rst_clk.o(.text.RST_CLK_PCLKcmd)
    [Anonymous Symbol]                       0x08001bec   Section        0  clock.o(.text.SetSelectRI)
    [Anonymous Symbol]                       0x08001c24   Section        0  esc_control.o(.text.SimonkCalibrate)
    [Anonymous Symbol]                       0x08001cc8   Section        0  esc_control.o(.text.SimonkInit)
    [Anonymous Symbol]                       0x08001e80   Section        0  clock.o(.text.SysTick_IntegerDelay)
    [Anonymous Symbol]                       0x08001f04   Section        0  system_mdr32f9q2i.o(.text.SystemCoreClockUpdate)
    [Anonymous Symbol]                       0x08001ff4   Section        0  system_mdr32f9q2i.o(.text.SystemInit)
    [Anonymous Symbol]                       0x0800206c   Section        0  mdr32fxqi_timer.o(.text.TIMER_BRGInit)
    [Anonymous Symbol]                       0x08002114   Section        0  mdr32fxqi_timer.o(.text.TIMER_ChnInit)
    [Anonymous Symbol]                       0x0800219c   Section        0  mdr32fxqi_timer.o(.text.TIMER_ChnOutInit)
    [Anonymous Symbol]                       0x080021f8   Section        0  mdr32fxqi_timer.o(.text.TIMER_ChnOutStructInit)
    [Anonymous Symbol]                       0x0800222c   Section        0  mdr32fxqi_timer.o(.text.TIMER_ChnStructInit)
    [Anonymous Symbol]                       0x0800226c   Section        0  mdr32fxqi_timer.o(.text.TIMER_Cmd)
    [Anonymous Symbol]                       0x080022a0   Section        0  mdr32fxqi_timer.o(.text.TIMER_CntInit)
    [Anonymous Symbol]                       0x080022f8   Section        0  mdr32fxqi_timer.o(.text.TIMER_DeInit)
    [Anonymous Symbol]                       0x08002384   Section        0  mdr32fxqi_timer.o(.text.TIMER_SetChnCompare)
    [Anonymous Symbol]                       0x080023ac   Section        0  main.o(.text.UART1_IRQHandler)
    [Anonymous Symbol]                       0x08002420   Section        0  mdr32fxqi_uart.o(.text.UART_BRGInit)
    [Anonymous Symbol]                       0x0800249c   Section        0  mdr32fxqi_uart.o(.text.UART_ClearITPendingBit)
    [Anonymous Symbol]                       0x080024ac   Section        0  mdr32fxqi_uart.o(.text.UART_Cmd)
    [Anonymous Symbol]                       0x080024dc   Section        0  mdr32fxqi_uart.o(.text.UART_DeInit)
    [Anonymous Symbol]                       0x0800251c   Section        0  mdr32fxqi_uart.o(.text.UART_GetFlagStatus)
    [Anonymous Symbol]                       0x0800254c   Section        0  mdr32fxqi_uart.o(.text.UART_GetITStatusMasked)
    [Anonymous Symbol]                       0x0800257c   Section        0  mdr32fxqi_uart.o(.text.UART_ITConfig)
    [Anonymous Symbol]                       0x080025ac   Section        0  mdr32fxqi_uart.o(.text.UART_Init)
    [Anonymous Symbol]                       0x08002698   Section        0  mdr32fxqi_uart.o(.text.UART_ReceiveData)
    [Anonymous Symbol]                       0x080026a8   Section        0  mdr32fxqi_uart.o(.text.UART_SendData)
    [Anonymous Symbol]                       0x080026bc   Section        0  mdr32fxqi_utils.o(.text.fputc)
    [Anonymous Symbol]                       0x080026f4   Section        0  uart.o(.text.iBusUARTInit)
    [Anonymous Symbol]                       0x080027c4   Section        0  ibus.o(.text.iBus_handler)
    [Anonymous Symbol]                       0x08002934   Section        0  main.o(.text.main)
    [Anonymous Symbol]                       0x080029a8   Section        0  ibus.o(.text.read_iBusChannel)
    CL$$btod_d2e                             0x080029be   Section       62  btod.o(CL$$btod_d2e)
    CL$$btod_d2e_denorm_low                  0x080029fc   Section       70  btod.o(CL$$btod_d2e_denorm_low)
    CL$$btod_d2e_norm_op1                    0x08002a42   Section       96  btod.o(CL$$btod_d2e_norm_op1)
    CL$$btod_div_common                      0x08002aa4   Section      824  btod.o(CL$$btod_div_common)
    CL$$btod_e2e                             0x08002ddc   Section      220  btod.o(CL$$btod_e2e)
    CL$$btod_ediv                            0x08002eb8   Section       42  btod.o(CL$$btod_ediv)
    CL$$btod_emul                            0x08002ee2   Section       42  btod.o(CL$$btod_emul)
    CL$$btod_mult_common                     0x08002f0c   Section      580  btod.o(CL$$btod_mult_common)
    i.__ARM_fpclassify                       0x08003150   Section        0  fpclassify.o(i.__ARM_fpclassify)
    i._is_digit                              0x08003178   Section        0  __printf_wp.o(i._is_digit)
    locale$$code                             0x08003188   Section       44  lc_numeric_c.o(locale$$code)
    locale$$code                             0x080031b4   Section       44  lc_ctype_c.o(locale$$code)
    x$fpl$printf1                            0x080031e0   Section        4  printf1.o(x$fpl$printf1)
    x$fpl$printf2                            0x080031e4   Section        4  printf2.o(x$fpl$printf2)
    initial_mbstate                          0x080031e8   Data           8  _printf_wctomb.o(.constdata)
    .constdata                               0x080031e8   Section        8  _printf_wctomb.o(.constdata)
    x$fpl$usenofp                            0x080031e8   Section        0  usenofp.o(x$fpl$usenofp)
    uc_hextab                                0x080031f0   Data          20  _printf_hex_int_ll_ptr.o(.constdata)
    .constdata                               0x080031f0   Section       40  _printf_hex_int_ll_ptr.o(.constdata)
    lc_hextab                                0x08003204   Data          20  _printf_hex_int_ll_ptr.o(.constdata)
    maptable                                 0x08003218   Data          17  __printf_flags_ss_wp.o(.constdata)
    .constdata                               0x08003218   Section       17  __printf_flags_ss_wp.o(.constdata)
    lc_hextab                                0x08003229   Data          19  _printf_fp_hex.o(.constdata)
    .constdata                               0x08003229   Section       38  _printf_fp_hex.o(.constdata)
    uc_hextab                                0x0800323c   Data          19  _printf_fp_hex.o(.constdata)
    tenpwrs_x                                0x08003250   Data          60  bigflt0.o(.constdata)
    .constdata                               0x08003250   Section      148  bigflt0.o(.constdata)
    tenpwrs_i                                0x0800328c   Data          64  bigflt0.o(.constdata)
    .L.str                                   0x080032e4   Data          16  main.o(.rodata.str1.1)
    [Anonymous Symbol]                       0x080032e4   Section        0  main.o(.rodata.str1.1)
    locale$$data                             0x08003314   Section       28  lc_numeric_c.o(locale$$data)
    __lcnum_c_name                           0x08003318   Data           2  lc_numeric_c.o(locale$$data)
    __lcnum_c_start                          0x08003320   Data           0  lc_numeric_c.o(locale$$data)
    __lcnum_c_point                          0x0800332c   Data           0  lc_numeric_c.o(locale$$data)
    __lcnum_c_thousands                      0x0800332e   Data           0  lc_numeric_c.o(locale$$data)
    __lcnum_c_grouping                       0x0800332f   Data           0  lc_numeric_c.o(locale$$data)
    __lcnum_c_end                            0x08003330   Data           0  lc_numeric_c.o(locale$$data)
    locale$$data                             0x08003330   Section      272  lc_ctype_c.o(locale$$data)
    __lcctype_c_name                         0x08003334   Data           2  lc_ctype_c.o(locale$$data)
    __lcctype_c_start                        0x0800333c   Data           0  lc_ctype_c.o(locale$$data)
    __lcctype_c_end                          0x08003440   Data           0  lc_ctype_c.o(locale$$data)
    .bss                                     0x20000008   Section       96  libspace.o(.bss)
    iBus_handler.buffer                      0x200000d8   Data          32  ibus.o(.bss.iBus_handler.buffer)
    [Anonymous Symbol]                       0x200000d8   Section        0  ibus.o(.bss.iBus_handler.buffer)
    iBus_handler.chksum                      0x200000f8   Data           2  ibus.o(.bss.iBus_handler.chksum)
    [Anonymous Symbol]                       0x200000f8   Section        0  ibus.o(.bss.iBus_handler.chksum)
    iBus_handler.chksuml                     0x200000fa   Data           2  ibus.o(.bss.iBus_handler.chksuml)
    [Anonymous Symbol]                       0x200000fa   Section        0  ibus.o(.bss.iBus_handler.chksuml)
    iBus_handler.current_index               0x200000fc   Data           1  ibus.o(.bss.iBus_handler.current_index)
    [Anonymous Symbol]                       0x200000fc   Section        0  ibus.o(.bss.iBus_handler.current_index)
    iBus_handler.ibus_state                  0x200000fd   Data           1  ibus.o(.bss.iBus_handler.ibus_state)
    [Anonymous Symbol]                       0x200000fd   Section        0  ibus.o(.bss.iBus_handler.ibus_state)
    iBus_handler.message_length              0x200000fe   Data           1  ibus.o(.bss.iBus_handler.message_length)
    [Anonymous Symbol]                       0x200000fe   Section        0  ibus.o(.bss.iBus_handler.message_length)
    Heap_Mem                                 0x20000100   Data         512  startup_mdr32f9q2i.o(HEAP)
    HEAP                                     0x20000100   Section      512  startup_mdr32f9q2i.o(HEAP)
    Stack_Mem                                0x20000300   Data        1024  startup_mdr32f9q2i.o(STACK)
    STACK                                    0x20000300   Section     1024  startup_mdr32f9q2i.o(STACK)
    __initial_sp                             0x20000700   Data           0  startup_mdr32f9q2i.o(STACK)

    Global Symbols

    Symbol Name                              Value     Ov Type        Size  Object(Section)

    BuildAttributes$$THM_ISAv4$P$D$K$B$S$PE$A:L22UL41UL21$X:L11$S22US41US21$IEEE1$IW$~IW$USESV6$~STKCKD$USESV7$~SHL$OTIME$ROPI$IEEEJ$EBA8$UX$STANDARDLIB$REQ8$PRES8$EABIv2 0x00000000   Number         0  anon$$obj.o ABSOLUTE
    __fp_init_empty                          0x00000000   Number         0  fpinit_empty.o ABSOLUTE
    _printf_flags                            0x00000000   Number         0  printf_stubs.o ABSOLUTE
    _printf_return_value                     0x00000000   Number         0  printf_stubs.o ABSOLUTE
    _printf_sizespec                         0x00000000   Number         0  printf_stubs.o ABSOLUTE
    _printf_widthprec                        0x00000000   Number         0  printf_stubs.o ABSOLUTE
    __ARM_exceptions_init                     - Undefined Weak Reference
    __alloca_initialize                       - Undefined Weak Reference
    __arm_preinit_                            - Undefined Weak Reference
    __arm_relocate_pie_                       - Undefined Weak Reference
    __cpp_initialize__aeabi_                  - Undefined Weak Reference
    __cxa_finalize                            - Undefined Weak Reference
    __sigvec_lookup                           - Undefined Weak Reference
    _atexit_init                              - Undefined Weak Reference
    _call_atexit_fns                          - Undefined Weak Reference
    _clock_init                               - Undefined Weak Reference
    _fp_trap_init                             - Undefined Weak Reference
    _fp_trap_shutdown                         - Undefined Weak Reference
    _get_lc_collate                           - Undefined Weak Reference
    _get_lc_monetary                          - Undefined Weak Reference
    _get_lc_time                              - Undefined Weak Reference
    _getenv_init                              - Undefined Weak Reference
    _handle_redirection                       - Undefined Weak Reference
    _init_alloc                               - Undefined Weak Reference
    _init_user_alloc                          - Undefined Weak Reference
    _initio                                   - Undefined Weak Reference
    _mutex_acquire                            - Undefined Weak Reference
    _mutex_release                            - Undefined Weak Reference
    _printf_mbtowc                            - Undefined Weak Reference
    _printf_wc                                - Undefined Weak Reference
    _rand_init                                - Undefined Weak Reference
    _signal_finish                            - Undefined Weak Reference
    _signal_init                              - Undefined Weak Reference
    _terminate_alloc                          - Undefined Weak Reference
    _terminate_user_alloc                     - Undefined Weak Reference
    _terminateio                              - Undefined Weak Reference
    __Vectors_Size                           0x000000c0   Number         0  startup_mdr32f9q2i.o ABSOLUTE
    __Vectors                                0x08000000   Data           4  startup_mdr32f9q2i.o(RESET)
    __Vectors_End                            0x080000c0   Data           0  startup_mdr32f9q2i.o(RESET)
    __main                                   0x080000c1   Thumb Code     8  __main.o(!!!main)
    __scatterload                            0x080000c9   Thumb Code     0  __scatter.o(!!!scatter)
    __scatterload_rt2                        0x080000c9   Thumb Code    44  __scatter.o(!!!scatter)
    __scatterload_rt2_thumb_only             0x080000c9   Thumb Code     0  __scatter.o(!!!scatter)
    __scatterload_null                       0x080000d7   Thumb Code     0  __scatter.o(!!!scatter)
    __scatterload_copy                       0x080000fd   Thumb Code    26  __scatter_copy.o(!!handler_copy)
    __scatterload_zeroinit                   0x08000119   Thumb Code    28  __scatter_zi.o(!!handler_zi)
    _printf_n                                0x08000135   Thumb Code     0  _printf_n.o(.ARM.Collect$$_printf_percent$$00000001)
    _printf_percent                          0x08000135   Thumb Code     0  _printf_percent.o(.ARM.Collect$$_printf_percent$$00000000)
    _printf_p                                0x0800013b   Thumb Code     0  _printf_p.o(.ARM.Collect$$_printf_percent$$00000002)
    _printf_f                                0x08000141   Thumb Code     0  _printf_f.o(.ARM.Collect$$_printf_percent$$00000003)
    _printf_e                                0x08000147   Thumb Code     0  _printf_e.o(.ARM.Collect$$_printf_percent$$00000004)
    _printf_g                                0x0800014d   Thumb Code     0  _printf_g.o(.ARM.Collect$$_printf_percent$$00000005)
    _printf_a                                0x08000153   Thumb Code     0  _printf_a.o(.ARM.Collect$$_printf_percent$$00000006)
    _printf_ll                               0x08000159   Thumb Code     0  _printf_ll.o(.ARM.Collect$$_printf_percent$$00000007)
    _printf_i                                0x08000163   Thumb Code     0  _printf_i.o(.ARM.Collect$$_printf_percent$$00000008)
    _printf_d                                0x08000169   Thumb Code     0  _printf_d.o(.ARM.Collect$$_printf_percent$$00000009)
    _printf_u                                0x0800016f   Thumb Code     0  _printf_u.o(.ARM.Collect$$_printf_percent$$0000000A)
    _printf_o                                0x08000175   Thumb Code     0  _printf_o.o(.ARM.Collect$$_printf_percent$$0000000B)
    _printf_x                                0x0800017b   Thumb Code     0  _printf_x.o(.ARM.Collect$$_printf_percent$$0000000C)
    _printf_lli                              0x08000181   Thumb Code     0  _printf_lli.o(.ARM.Collect$$_printf_percent$$0000000D)
    _printf_lld                              0x08000187   Thumb Code     0  _printf_lld.o(.ARM.Collect$$_printf_percent$$0000000E)
    _printf_llu                              0x0800018d   Thumb Code     0  _printf_llu.o(.ARM.Collect$$_printf_percent$$0000000F)
    _printf_llo                              0x08000193   Thumb Code     0  _printf_llo.o(.ARM.Collect$$_printf_percent$$00000010)
    _printf_llx                              0x08000199   Thumb Code     0  _printf_llx.o(.ARM.Collect$$_printf_percent$$00000011)
    _printf_l                                0x0800019f   Thumb Code     0  _printf_l.o(.ARM.Collect$$_printf_percent$$00000012)
    _printf_c                                0x080001a9   Thumb Code     0  _printf_c.o(.ARM.Collect$$_printf_percent$$00000013)
    _printf_s                                0x080001af   Thumb Code     0  _printf_s.o(.ARM.Collect$$_printf_percent$$00000014)
    _printf_lc                               0x080001b5   Thumb Code     0  _printf_lc.o(.ARM.Collect$$_printf_percent$$00000015)
    _printf_ls                               0x080001bb   Thumb Code     0  _printf_ls.o(.ARM.Collect$$_printf_percent$$00000016)
    _printf_percent_end                      0x080001c1   Thumb Code     0  _printf_percent_end.o(.ARM.Collect$$_printf_percent$$00000017)
    __rt_lib_init                            0x080001c5   Thumb Code     0  libinit.o(.ARM.Collect$$libinit$$00000000)
    __rt_lib_init_fp_1                       0x080001c7   Thumb Code     0  libinit2.o(.ARM.Collect$$libinit$$00000002)
    __rt_lib_init_heap_1                     0x080001c7   Thumb Code     0  libinit2.o(.ARM.Collect$$libinit$$0000000C)
    __rt_lib_init_lc_common                  0x080001c7   Thumb Code     0  libinit2.o(.ARM.Collect$$libinit$$00000011)
    __rt_lib_init_preinit_1                  0x080001c7   Thumb Code     0  libinit2.o(.ARM.Collect$$libinit$$00000006)
    __rt_lib_init_rand_1                     0x080001c7   Thumb Code     0  libinit2.o(.ARM.Collect$$libinit$$00000010)
    __rt_lib_init_relocate_pie_1             0x080001c7   Thumb Code     0  libinit2.o(.ARM.Collect$$libinit$$00000004)
    __rt_lib_init_user_alloc_1               0x080001c7   Thumb Code     0  libinit2.o(.ARM.Collect$$libinit$$0000000E)
    __rt_lib_init_lc_collate_1               0x080001cd   Thumb Code     0  libinit2.o(.ARM.Collect$$libinit$$00000013)
    __rt_lib_init_lc_ctype_2                 0x080001cd   Thumb Code     0  libinit2.o(.ARM.Collect$$libinit$$00000014)
    __rt_lib_init_lc_ctype_1                 0x080001d9   Thumb Code     0  libinit2.o(.ARM.Collect$$libinit$$00000015)
    __rt_lib_init_lc_monetary_1              0x080001d9   Thumb Code     0  libinit2.o(.ARM.Collect$$libinit$$00000017)
    __rt_lib_init_lc_numeric_2               0x080001d9   Thumb Code     0  libinit2.o(.ARM.Collect$$libinit$$00000018)
    __rt_lib_init_alloca_1                   0x080001e3   Thumb Code     0  libinit2.o(.ARM.Collect$$libinit$$00000030)
    __rt_lib_init_argv_1                     0x080001e3   Thumb Code     0  libinit2.o(.ARM.Collect$$libinit$$0000002E)
    __rt_lib_init_atexit_1                   0x080001e3   Thumb Code     0  libinit2.o(.ARM.Collect$$libinit$$0000001D)
    __rt_lib_init_clock_1                    0x080001e3   Thumb Code     0  libinit2.o(.ARM.Collect$$libinit$$00000023)
    __rt_lib_init_cpp_1                      0x080001e3   Thumb Code     0  libinit2.o(.ARM.Collect$$libinit$$00000034)
    __rt_lib_init_exceptions_1               0x080001e3   Thumb Code     0  libinit2.o(.ARM.Collect$$libinit$$00000032)
    __rt_lib_init_fp_trap_1                  0x080001e3   Thumb Code     0  libinit2.o(.ARM.Collect$$libinit$$00000021)
    __rt_lib_init_getenv_1                   0x080001e3   Thumb Code     0  libinit2.o(.ARM.Collect$$libinit$$00000025)
    __rt_lib_init_lc_numeric_1               0x080001e3   Thumb Code     0  libinit2.o(.ARM.Collect$$libinit$$00000019)
    __rt_lib_init_lc_time_1                  0x080001e3   Thumb Code     0  libinit2.o(.ARM.Collect$$libinit$$0000001B)
    __rt_lib_init_return                     0x080001e3   Thumb Code     0  libinit2.o(.ARM.Collect$$libinit$$00000035)
    __rt_lib_init_signal_1                   0x080001e3   Thumb Code     0  libinit2.o(.ARM.Collect$$libinit$$0000001F)
    __rt_lib_init_stdio_1                    0x080001e3   Thumb Code     0  libinit2.o(.ARM.Collect$$libinit$$00000027)
    __rt_lib_shutdown                        0x080001e5   Thumb Code     0  libshutdown.o(.ARM.Collect$$libshutdown$$00000000)
    __rt_lib_shutdown_cpp_1                  0x080001e7   Thumb Code     0  libshutdown2.o(.ARM.Collect$$libshutdown$$00000002)
    __rt_lib_shutdown_fp_trap_1              0x080001e7   Thumb Code     0  libshutdown2.o(.ARM.Collect$$libshutdown$$00000007)
    __rt_lib_shutdown_heap_1                 0x080001e7   Thumb Code     0  libshutdown2.o(.ARM.Collect$$libshutdown$$0000000F)
    __rt_lib_shutdown_return                 0x080001e7   Thumb Code     0  libshutdown2.o(.ARM.Collect$$libshutdown$$00000010)
    __rt_lib_shutdown_signal_1               0x080001e7   Thumb Code     0  libshutdown2.o(.ARM.Collect$$libshutdown$$0000000A)
    __rt_lib_shutdown_stdio_1                0x080001e7   Thumb Code     0  libshutdown2.o(.ARM.Collect$$libshutdown$$00000004)
    __rt_lib_shutdown_user_alloc_1           0x080001e7   Thumb Code     0  libshutdown2.o(.ARM.Collect$$libshutdown$$0000000C)
    __rt_entry                               0x080001e9   Thumb Code     0  __rtentry.o(.ARM.Collect$$rtentry$$00000000)
    __rt_entry_presh_1                       0x080001e9   Thumb Code     0  __rtentry2.o(.ARM.Collect$$rtentry$$00000002)
    __rt_entry_sh                            0x080001e9   Thumb Code     0  __rtentry4.o(.ARM.Collect$$rtentry$$00000004)
    __rt_entry_li                            0x080001ef   Thumb Code     0  __rtentry2.o(.ARM.Collect$$rtentry$$0000000A)
    __rt_entry_postsh_1                      0x080001ef   Thumb Code     0  __rtentry2.o(.ARM.Collect$$rtentry$$00000009)
    __rt_entry_main                          0x080001f3   Thumb Code     0  __rtentry2.o(.ARM.Collect$$rtentry$$0000000D)
    __rt_entry_postli_1                      0x080001f3   Thumb Code     0  __rtentry2.o(.ARM.Collect$$rtentry$$0000000C)
    __rt_exit                                0x080001fb   Thumb Code     0  rtexit.o(.ARM.Collect$$rtexit$$00000000)
    __rt_exit_ls                             0x080001fd   Thumb Code     0  rtexit2.o(.ARM.Collect$$rtexit$$00000003)
    __rt_exit_prels_1                        0x080001fd   Thumb Code     0  rtexit2.o(.ARM.Collect$$rtexit$$00000002)
    __rt_exit_exit                           0x08000201   Thumb Code     0  rtexit2.o(.ARM.Collect$$rtexit$$00000004)
    Reset_Handler                            0x08000209   Thumb Code     8  startup_mdr32f9q2i.o(.text)
    NMI_Handler                              0x08000211   Thumb Code     2  startup_mdr32f9q2i.o(.text)
    HardFault_Handler                        0x08000213   Thumb Code     2  startup_mdr32f9q2i.o(.text)
    MemManage_Handler                        0x08000215   Thumb Code     2  startup_mdr32f9q2i.o(.text)
    BusFault_Handler                         0x08000217   Thumb Code     2  startup_mdr32f9q2i.o(.text)
    UsageFault_Handler                       0x08000219   Thumb Code     2  startup_mdr32f9q2i.o(.text)
    SVC_Handler                              0x0800021b   Thumb Code     2  startup_mdr32f9q2i.o(.text)
    DebugMon_Handler                         0x0800021d   Thumb Code     2  startup_mdr32f9q2i.o(.text)
    PendSV_Handler                           0x0800021f   Thumb Code     2  startup_mdr32f9q2i.o(.text)
    SysTick_Handler                          0x08000221   Thumb Code     2  startup_mdr32f9q2i.o(.text)
    CAN1_IRQHandler                          0x08000223   Thumb Code     2  startup_mdr32f9q2i.o(.text)
    CAN2_IRQHandler                          0x08000225   Thumb Code     2  startup_mdr32f9q2i.o(.text)
    USB_IRQHandler                           0x08000227   Thumb Code     2  startup_mdr32f9q2i.o(.text)
    DMA_IRQHandler                           0x08000229   Thumb Code     2  startup_mdr32f9q2i.o(.text)
    UART2_IRQHandler                         0x0800022d   Thumb Code     2  startup_mdr32f9q2i.o(.text)
    SSP1_IRQHandler                          0x0800022f   Thumb Code     2  startup_mdr32f9q2i.o(.text)
    I2C_IRQHandler                           0x08000231   Thumb Code     2  startup_mdr32f9q2i.o(.text)
    POWER_IRQHandler                         0x08000233   Thumb Code     2  startup_mdr32f9q2i.o(.text)
    WWDG_IRQHandler                          0x08000235   Thumb Code     2  startup_mdr32f9q2i.o(.text)
    Timer1_IRQHandler                        0x08000237   Thumb Code     2  startup_mdr32f9q2i.o(.text)
    Timer2_IRQHandler                        0x08000239   Thumb Code     2  startup_mdr32f9q2i.o(.text)
    Timer3_IRQHandler                        0x0800023b   Thumb Code     2  startup_mdr32f9q2i.o(.text)
    ADC_IRQHandler                           0x0800023d   Thumb Code     2  startup_mdr32f9q2i.o(.text)
    COMPARATOR_IRQHandler                    0x0800023f   Thumb Code     2  startup_mdr32f9q2i.o(.text)
    SSP2_IRQHandler                          0x08000241   Thumb Code     2  startup_mdr32f9q2i.o(.text)
    BACKUP_IRQHandler                        0x08000243   Thumb Code     2  startup_mdr32f9q2i.o(.text)
    EXT_INT1_IRQHandler                      0x08000245   Thumb Code     2  startup_mdr32f9q2i.o(.text)
    EXT_INT2_IRQHandler                      0x08000247   Thumb Code     2  startup_mdr32f9q2i.o(.text)
    EXT_INT3_IRQHandler                      0x08000249   Thumb Code     2  startup_mdr32f9q2i.o(.text)
    EXT_INT4_IRQHandler                      0x0800024b   Thumb Code     2  startup_mdr32f9q2i.o(.text)
    __user_initial_stackheap                 0x0800024d   Thumb Code     0  startup_mdr32f9q2i.o(.text)
    printf                                   0x08000271   Thumb Code    20  printf.o(.text)
    __use_two_region_memory                  0x08000289   Thumb Code     2  heapauxi.o(.text)
    __rt_heap_escrow$2region                 0x0800028b   Thumb Code     2  heapauxi.o(.text)
    __rt_heap_expand$2region                 0x0800028d   Thumb Code     2  heapauxi.o(.text)
    _printf_pre_padding                      0x0800028f   Thumb Code    44  _printf_pad.o(.text)
    _printf_post_padding                     0x080002bb   Thumb Code    34  _printf_pad.o(.text)
    _printf_truncate_signed                  0x080002dd   Thumb Code    18  _printf_truncate.o(.text)
    _printf_truncate_unsigned                0x080002ef   Thumb Code    18  _printf_truncate.o(.text)
    _printf_str                              0x08000301   Thumb Code    82  _printf_str.o(.text)
    _printf_int_dec                          0x08000355   Thumb Code   104  _printf_dec.o(.text)
    _printf_charcount                        0x080003cd   Thumb Code    40  _printf_charcount.o(.text)
    _printf_char_file                        0x080003f5   Thumb Code    32  _printf_char_file.o(.text)
    _printf_wctomb                           0x08000419   Thumb Code   182  _printf_wctomb.o(.text)
    _printf_longlong_dec                     0x080004d5   Thumb Code   108  _printf_longlong_dec.o(.text)
    _printf_longlong_oct                     0x08000551   Thumb Code    68  _printf_oct_int_ll.o(.text)
    _printf_int_oct                          0x08000595   Thumb Code    24  _printf_oct_int_ll.o(.text)
    _printf_ll_oct                           0x080005ad   Thumb Code    12  _printf_oct_int_ll.o(.text)
    _printf_longlong_hex                     0x080005c1   Thumb Code    86  _printf_hex_int_ll_ptr.o(.text)
    _printf_int_hex                          0x08000617   Thumb Code    28  _printf_hex_int_ll_ptr.o(.text)
    _printf_ll_hex                           0x08000633   Thumb Code    12  _printf_hex_int_ll_ptr.o(.text)
    _printf_hex_ptr                          0x0800063f   Thumb Code    18  _printf_hex_int_ll_ptr.o(.text)
    __printf                                 0x08000655   Thumb Code   388  __printf_flags_ss_wp.o(.text)
    _ll_udiv10                               0x080007dd   Thumb Code   138  lludiv10.o(.text)
    _printf_int_common                       0x08000867   Thumb Code   178  _printf_intcommon.o(.text)
    _printf_fp_dec_real                      0x08000ac9   Thumb Code   620  _printf_fp_dec.o(.text)
    _printf_fp_hex_real                      0x08000d35   Thumb Code   756  _printf_fp_hex.o(.text)
    _printf_char_common                      0x0800103b   Thumb Code    32  _printf_char_common.o(.text)
    _printf_cs_common                        0x08001061   Thumb Code    20  _printf_char.o(.text)
    _printf_char                             0x08001075   Thumb Code    16  _printf_char.o(.text)
    _printf_string                           0x08001085   Thumb Code     8  _printf_char.o(.text)
    _printf_lcs_common                       0x0800108d   Thumb Code    20  _printf_wchar.o(.text)
    _printf_wchar                            0x080010a1   Thumb Code    16  _printf_wchar.o(.text)
    _printf_wstring                          0x080010b1   Thumb Code     8  _printf_wchar.o(.text)
    ferror                                   0x080010b9   Thumb Code     8  ferror.o(.text)
    _c16rtomb                                0x080010c1   Thumb Code    72  _c16rtomb.o(.text)
    _wcrtomb                                 0x080010c1   Thumb Code     0  _c16rtomb.o(.text)
    __user_setup_stackheap                   0x08001109   Thumb Code    74  sys_stackheap_outer.o(.text)
    __rt_ctype_table                         0x08001155   Thumb Code    16  rt_ctype_table.o(.text)
    __rt_locale                              0x08001165   Thumb Code     8  rt_locale_intlibspace.o(.text)
    _printf_fp_infnan                        0x0800116d   Thumb Code   112  _printf_fp_infnan.o(.text)
    _btod_etento                             0x080011ed   Thumb Code   224  bigflt0.o(.text)
    exit                                     0x080012d1   Thumb Code    18  exit.o(.text)
    __user_libspace                          0x080012e5   Thumb Code     8  libspace.o(.text)
    __user_perproc_libspace                  0x080012e5   Thumb Code     0  libspace.o(.text)
    __user_perthread_libspace                0x080012e5   Thumb Code     0  libspace.o(.text)
    strcmp                                   0x080012ed   Thumb Code   128  strcmpv7m.o(.text)
    _sys_exit                                0x0800136d   Thumb Code     8  sys_exit.o(.text)
    __I$use$semihosting                      0x08001379   Thumb Code     0  use_no_semi.o(.text)
    __use_no_semihosting_swi                 0x08001379   Thumb Code     2  use_no_semi.o(.text)
    __semihosting_library_function           0x0800137b   Thumb Code     0  indicate_semi.o(.text)
    ClockInit                                0x0800137d   Thumb Code   102  clock.o(.text.ClockInit)
    DebugUARTInit                            0x080013e5   Thumb Code   150  uart.o(.text.DebugUARTInit)
    EEPROM_SetLatency                        0x0800147d   Thumb Code    24  mdr32fxqi_eeprom.o(.text.EEPROM_SetLatency)
    PORT_Init                                0x080014b9   Thumb Code   412  mdr32fxqi_port.o(.text.PORT_Init)
    PORT_StructInit                          0x08001655   Thumb Code    54  mdr32fxqi_port.o(.text.PORT_StructInit)
    RST_CLK_CPU_PLLcmd                       0x0800168d   Thumb Code    22  mdr32fxqi_rst_clk.o(.text.RST_CLK_CPU_PLLcmd)
    RST_CLK_CPU_PLLconfig                    0x080016a5   Thumb Code   104  mdr32fxqi_rst_clk.o(.text.RST_CLK_CPU_PLLconfig)
    RST_CLK_CPU_PLLstatus                    0x0800170d   Thumb Code   100  mdr32fxqi_rst_clk.o(.text.RST_CLK_CPU_PLLstatus)
    RST_CLK_CPU_PLLuse                       0x08001771   Thumb Code    24  mdr32fxqi_rst_clk.o(.text.RST_CLK_CPU_PLLuse)
    RST_CLK_CPUclkPrescaler                  0x08001789   Thumb Code    44  mdr32fxqi_rst_clk.o(.text.RST_CLK_CPUclkPrescaler)
    RST_CLK_CPUclkSelection                  0x080017b5   Thumb Code    42  mdr32fxqi_rst_clk.o(.text.RST_CLK_CPUclkSelection)
    RST_CLK_GetClocksFreq                    0x080017e1   Thumb Code   714  mdr32fxqi_rst_clk.o(.text.RST_CLK_GetClocksFreq)
    RST_CLK_GetFlagStatus                    0x08001aad   Thumb Code    88  mdr32fxqi_rst_clk.o(.text.RST_CLK_GetFlagStatus)
    RST_CLK_HSEconfig                        0x08001b05   Thumb Code    80  mdr32fxqi_rst_clk.o(.text.RST_CLK_HSEconfig)
    RST_CLK_HSEstatus                        0x08001b55   Thumb Code   100  mdr32fxqi_rst_clk.o(.text.RST_CLK_HSEstatus)
    RST_CLK_PCLKcmd                          0x08001bb9   Thumb Code    52  mdr32fxqi_rst_clk.o(.text.RST_CLK_PCLKcmd)
    SetSelectRI                              0x08001bed   Thumb Code    56  clock.o(.text.SetSelectRI)
    SimonkCalibrate                          0x08001c25   Thumb Code   164  esc_control.o(.text.SimonkCalibrate)
    SimonkInit                               0x08001cc9   Thumb Code   440  esc_control.o(.text.SimonkInit)
    SysTick_IntegerDelay                     0x08001e81   Thumb Code   130  clock.o(.text.SysTick_IntegerDelay)
    SystemCoreClockUpdate                    0x08001f05   Thumb Code   238  system_mdr32f9q2i.o(.text.SystemCoreClockUpdate)
    SystemInit                               0x08001ff5   Thumb Code   118  system_mdr32f9q2i.o(.text.SystemInit)
    TIMER_BRGInit                            0x0800206d   Thumb Code   168  mdr32fxqi_timer.o(.text.TIMER_BRGInit)
    TIMER_ChnInit                            0x08002115   Thumb Code   136  mdr32fxqi_timer.o(.text.TIMER_ChnInit)
    TIMER_ChnOutInit                         0x0800219d   Thumb Code    92  mdr32fxqi_timer.o(.text.TIMER_ChnOutInit)
    TIMER_ChnOutStructInit                   0x080021f9   Thumb Code    50  mdr32fxqi_timer.o(.text.TIMER_ChnOutStructInit)
    TIMER_ChnStructInit                      0x0800222d   Thumb Code    64  mdr32fxqi_timer.o(.text.TIMER_ChnStructInit)
    TIMER_Cmd                                0x0800226d   Thumb Code    52  mdr32fxqi_timer.o(.text.TIMER_Cmd)
    TIMER_CntInit                            0x080022a1   Thumb Code    88  mdr32fxqi_timer.o(.text.TIMER_CntInit)
    TIMER_DeInit                             0x080022f9   Thumb Code   138  mdr32fxqi_timer.o(.text.TIMER_DeInit)
    TIMER_SetChnCompare                      0x08002385   Thumb Code    38  mdr32fxqi_timer.o(.text.TIMER_SetChnCompare)
    UART1_IRQHandler                         0x080023ad   Thumb Code   114  main.o(.text.UART1_IRQHandler)
    UART_BRGInit                             0x08002421   Thumb Code   122  mdr32fxqi_uart.o(.text.UART_BRGInit)
    UART_ClearITPendingBit                   0x0800249d   Thumb Code    16  mdr32fxqi_uart.o(.text.UART_ClearITPendingBit)
    UART_Cmd                                 0x080024ad   Thumb Code    46  mdr32fxqi_uart.o(.text.UART_Cmd)
    UART_DeInit                              0x080024dd   Thumb Code    64  mdr32fxqi_uart.o(.text.UART_DeInit)
    UART_GetFlagStatus                       0x0800251d   Thumb Code    46  mdr32fxqi_uart.o(.text.UART_GetFlagStatus)
    UART_GetITStatusMasked                   0x0800254d   Thumb Code    46  mdr32fxqi_uart.o(.text.UART_GetITStatusMasked)
    UART_ITConfig                            0x0800257d   Thumb Code    46  mdr32fxqi_uart.o(.text.UART_ITConfig)
    UART_Init                                0x080025ad   Thumb Code   236  mdr32fxqi_uart.o(.text.UART_Init)
    UART_ReceiveData                         0x08002699   Thumb Code    14  mdr32fxqi_uart.o(.text.UART_ReceiveData)
    UART_SendData                            0x080026a9   Thumb Code    20  mdr32fxqi_uart.o(.text.UART_SendData)
    fputc                                    0x080026bd   Thumb Code    54  mdr32fxqi_utils.o(.text.fputc)
    iBusUARTInit                             0x080026f5   Thumb Code   208  uart.o(.text.iBusUARTInit)
    iBus_handler                             0x080027c5   Thumb Code   366  ibus.o(.text.iBus_handler)
    main                                     0x08002935   Thumb Code   116  main.o(.text.main)
    read_iBusChannel                         0x080029a9   Thumb Code    22  ibus.o(.text.read_iBusChannel)
    _btod_d2e                                0x080029bf   Thumb Code    62  btod.o(CL$$btod_d2e)
    _d2e_denorm_low                          0x080029fd   Thumb Code    70  btod.o(CL$$btod_d2e_denorm_low)
    _d2e_norm_op1                            0x08002a43   Thumb Code    96  btod.o(CL$$btod_d2e_norm_op1)
    __btod_div_common                        0x08002aa5   Thumb Code   696  btod.o(CL$$btod_div_common)
    _e2e                                     0x08002ddd   Thumb Code   220  btod.o(CL$$btod_e2e)
    _btod_ediv                               0x08002eb9   Thumb Code    42  btod.o(CL$$btod_ediv)
    _btod_emul                               0x08002ee3   Thumb Code    42  btod.o(CL$$btod_emul)
    __btod_mult_common                       0x08002f0d   Thumb Code   580  btod.o(CL$$btod_mult_common)
    __ARM_fpclassify                         0x08003151   Thumb Code    40  fpclassify.o(i.__ARM_fpclassify)
    _is_digit                                0x08003179   Thumb Code    14  __printf_wp.o(i._is_digit)
    _get_lc_numeric                          0x08003189   Thumb Code    44  lc_numeric_c.o(locale$$code)
    _get_lc_ctype                            0x080031b5   Thumb Code    44  lc_ctype_c.o(locale$$code)
    _printf_fp_dec                           0x080031e1   Thumb Code     4  printf1.o(x$fpl$printf1)
    _printf_fp_hex                           0x080031e5   Thumb Code     4  printf2.o(x$fpl$printf2)
    __I$use$fp                               0x080031e8   Number         0  usenofp.o(x$fpl$usenofp)
    Region$$Table$$Base                      0x080032f4   Number         0  anon$$obj.o(Region$$Table)
    Region$$Table$$Limit                     0x08003314   Number         0  anon$$obj.o(Region$$Table)
    __ctype                                  0x0800333d   Data           0  lc_ctype_c.o(locale$$data)
    SystemCoreClock                          0x20000000   Data           4  system_mdr32f9q2i.o(.data.SystemCoreClock)
    __libspace_start                         0x20000008   Data          96  libspace.o(.bss)
    __stdout                                 0x20000068   Data          84  mdr32fxqi_utils.o(.bss.__stdout)
    __temporary_stack_top$libspace           0x20000068   Data           0  libspace.o(.bss)
    iBusMotors                               0x200000bc   Data          28  main.o(.bss.iBusMotors)



==============================================================================

Memory Map of the image

  Image Entry point : 0x08000209

  Load Region LR_1 (Base: 0x08000000, Size: 0x00003444, Max: 0xffffffff, ABSOLUTE)

    Execution Region ER_RO (Exec base: 0x08000000, Load base: 0x08000000, Size: 0x00003440, Max: 0xffffffff, ABSOLUTE)

    Exec Addr    Load Addr    Size         Type   Attr      Idx    E Section Name        Object

    0x08000000   0x08000000   0x000000c0   Data   RO           75    RESET               startup_mdr32f9q2i.o
    0x080000c0   0x080000c0   0x00000008   Code   RO          428  * !!!main             c_w.l(__main.o)
    0x080000c8   0x080000c8   0x00000034   Code   RO          769    !!!scatter          c_w.l(__scatter.o)
    0x080000fc   0x080000fc   0x0000001a   Code   RO          771    !!handler_copy      c_w.l(__scatter_copy.o)
    0x08000116   0x08000116   0x00000002   PAD
    0x08000118   0x08000118   0x0000001c   Code   RO          773    !!handler_zi        c_w.l(__scatter_zi.o)
    0x08000134   0x08000134   0x00000000   Code   RO          510    .ARM.Collect$$_printf_percent$$00000000  c_w.l(_printf_percent.o)
    0x08000134   0x08000134   0x00000006   Code   RO          499    .ARM.Collect$$_printf_percent$$00000001  c_w.l(_printf_n.o)
    0x0800013a   0x0800013a   0x00000006   Code   RO          501    .ARM.Collect$$_printf_percent$$00000002  c_w.l(_printf_p.o)
    0x08000140   0x08000140   0x00000006   Code   RO          506    .ARM.Collect$$_printf_percent$$00000003  c_w.l(_printf_f.o)
    0x08000146   0x08000146   0x00000006   Code   RO          507    .ARM.Collect$$_printf_percent$$00000004  c_w.l(_printf_e.o)
    0x0800014c   0x0800014c   0x00000006   Code   RO          508    .ARM.Collect$$_printf_percent$$00000005  c_w.l(_printf_g.o)
    0x08000152   0x08000152   0x00000006   Code   RO          509    .ARM.Collect$$_printf_percent$$00000006  c_w.l(_printf_a.o)
    0x08000158   0x08000158   0x0000000a   Code   RO          514    .ARM.Collect$$_printf_percent$$00000007  c_w.l(_printf_ll.o)
    0x08000162   0x08000162   0x00000006   Code   RO          503    .ARM.Collect$$_printf_percent$$00000008  c_w.l(_printf_i.o)
    0x08000168   0x08000168   0x00000006   Code   RO          504    .ARM.Collect$$_printf_percent$$00000009  c_w.l(_printf_d.o)
    0x0800016e   0x0800016e   0x00000006   Code   RO          505    .ARM.Collect$$_printf_percent$$0000000A  c_w.l(_printf_u.o)
    0x08000174   0x08000174   0x00000006   Code   RO          502    .ARM.Collect$$_printf_percent$$0000000B  c_w.l(_printf_o.o)
    0x0800017a   0x0800017a   0x00000006   Code   RO          500    .ARM.Collect$$_printf_percent$$0000000C  c_w.l(_printf_x.o)
    0x08000180   0x08000180   0x00000006   Code   RO          511    .ARM.Collect$$_printf_percent$$0000000D  c_w.l(_printf_lli.o)
    0x08000186   0x08000186   0x00000006   Code   RO          512    .ARM.Collect$$_printf_percent$$0000000E  c_w.l(_printf_lld.o)
    0x0800018c   0x0800018c   0x00000006   Code   RO          513    .ARM.Collect$$_printf_percent$$0000000F  c_w.l(_printf_llu.o)
    0x08000192   0x08000192   0x00000006   Code   RO          518    .ARM.Collect$$_printf_percent$$00000010  c_w.l(_printf_llo.o)
    0x08000198   0x08000198   0x00000006   Code   RO          519    .ARM.Collect$$_printf_percent$$00000011  c_w.l(_printf_llx.o)
    0x0800019e   0x0800019e   0x0000000a   Code   RO          515    .ARM.Collect$$_printf_percent$$00000012  c_w.l(_printf_l.o)
    0x080001a8   0x080001a8   0x00000006   Code   RO          497    .ARM.Collect$$_printf_percent$$00000013  c_w.l(_printf_c.o)
    0x080001ae   0x080001ae   0x00000006   Code   RO          498    .ARM.Collect$$_printf_percent$$00000014  c_w.l(_printf_s.o)
    0x080001b4   0x080001b4   0x00000006   Code   RO          516    .ARM.Collect$$_printf_percent$$00000015  c_w.l(_printf_lc.o)
    0x080001ba   0x080001ba   0x00000006   Code   RO          517    .ARM.Collect$$_printf_percent$$00000016  c_w.l(_printf_ls.o)
    0x080001c0   0x080001c0   0x00000004   Code   RO          560    .ARM.Collect$$_printf_percent$$00000017  c_w.l(_printf_percent_end.o)
    0x080001c4   0x080001c4   0x00000002   Code   RO          617    .ARM.Collect$$libinit$$00000000  c_w.l(libinit.o)
    0x080001c6   0x080001c6   0x00000000   Code   RO          636    .ARM.Collect$$libinit$$00000002  c_w.l(libinit2.o)
    0x080001c6   0x080001c6   0x00000000   Code   RO          638    .ARM.Collect$$libinit$$00000004  c_w.l(libinit2.o)
    0x080001c6   0x080001c6   0x00000000   Code   RO          640    .ARM.Collect$$libinit$$00000006  c_w.l(libinit2.o)
    0x080001c6   0x080001c6   0x00000000   Code   RO          643    .ARM.Collect$$libinit$$0000000C  c_w.l(libinit2.o)
    0x080001c6   0x080001c6   0x00000000   Code   RO          645    .ARM.Collect$$libinit$$0000000E  c_w.l(libinit2.o)
    0x080001c6   0x080001c6   0x00000000   Code   RO          647    .ARM.Collect$$libinit$$00000010  c_w.l(libinit2.o)
    0x080001c6   0x080001c6   0x00000006   Code   RO          648    .ARM.Collect$$libinit$$00000011  c_w.l(libinit2.o)
    0x080001cc   0x080001cc   0x00000000   Code   RO          650    .ARM.Collect$$libinit$$00000013  c_w.l(libinit2.o)
    0x080001cc   0x080001cc   0x0000000c   Code   RO          651    .ARM.Collect$$libinit$$00000014  c_w.l(libinit2.o)
    0x080001d8   0x080001d8   0x00000000   Code   RO          652    .ARM.Collect$$libinit$$00000015  c_w.l(libinit2.o)
    0x080001d8   0x080001d8   0x00000000   Code   RO          654    .ARM.Collect$$libinit$$00000017  c_w.l(libinit2.o)
    0x080001d8   0x080001d8   0x0000000a   Code   RO          655    .ARM.Collect$$libinit$$00000018  c_w.l(libinit2.o)
    0x080001e2   0x080001e2   0x00000000   Code   RO          656    .ARM.Collect$$libinit$$00000019  c_w.l(libinit2.o)
    0x080001e2   0x080001e2   0x00000000   Code   RO          658    .ARM.Collect$$libinit$$0000001B  c_w.l(libinit2.o)
    0x080001e2   0x080001e2   0x00000000   Code   RO          660    .ARM.Collect$$libinit$$0000001D  c_w.l(libinit2.o)
    0x080001e2   0x080001e2   0x00000000   Code   RO          662    .ARM.Collect$$libinit$$0000001F  c_w.l(libinit2.o)
    0x080001e2   0x080001e2   0x00000000   Code   RO          664    .ARM.Collect$$libinit$$00000021  c_w.l(libinit2.o)
    0x080001e2   0x080001e2   0x00000000   Code   RO          666    .ARM.Collect$$libinit$$00000023  c_w.l(libinit2.o)
    0x080001e2   0x080001e2   0x00000000   Code   RO          668    .ARM.Collect$$libinit$$00000025  c_w.l(libinit2.o)
    0x080001e2   0x080001e2   0x00000000   Code   RO          670    .ARM.Collect$$libinit$$00000027  c_w.l(libinit2.o)
    0x080001e2   0x080001e2   0x00000000   Code   RO          674    .ARM.Collect$$libinit$$0000002E  c_w.l(libinit2.o)
    0x080001e2   0x080001e2   0x00000000   Code   RO          676    .ARM.Collect$$libinit$$00000030  c_w.l(libinit2.o)
    0x080001e2   0x080001e2   0x00000000   Code   RO          678    .ARM.Collect$$libinit$$00000032  c_w.l(libinit2.o)
    0x080001e2   0x080001e2   0x00000000   Code   RO          680    .ARM.Collect$$libinit$$00000034  c_w.l(libinit2.o)
    0x080001e2   0x080001e2   0x00000002   Code   RO          681    .ARM.Collect$$libinit$$00000035  c_w.l(libinit2.o)
    0x080001e4   0x080001e4   0x00000002   Code   RO          705    .ARM.Collect$$libshutdown$$00000000  c_w.l(libshutdown.o)
    0x080001e6   0x080001e6   0x00000000   Code   RO          720    .ARM.Collect$$libshutdown$$00000002  c_w.l(libshutdown2.o)
    0x080001e6   0x080001e6   0x00000000   Code   RO          722    .ARM.Collect$$libshutdown$$00000004  c_w.l(libshutdown2.o)
    0x080001e6   0x080001e6   0x00000000   Code   RO          725    .ARM.Collect$$libshutdown$$00000007  c_w.l(libshutdown2.o)
    0x080001e6   0x080001e6   0x00000000   Code   RO          728    .ARM.Collect$$libshutdown$$0000000A  c_w.l(libshutdown2.o)
    0x080001e6   0x080001e6   0x00000000   Code   RO          730    .ARM.Collect$$libshutdown$$0000000C  c_w.l(libshutdown2.o)
    0x080001e6   0x080001e6   0x00000000   Code   RO          733    .ARM.Collect$$libshutdown$$0000000F  c_w.l(libshutdown2.o)
    0x080001e6   0x080001e6   0x00000002   Code   RO          734    .ARM.Collect$$libshutdown$$00000010  c_w.l(libshutdown2.o)
    0x080001e8   0x080001e8   0x00000000   Code   RO          430    .ARM.Collect$$rtentry$$00000000  c_w.l(__rtentry.o)
    0x080001e8   0x080001e8   0x00000000   Code   RO          529    .ARM.Collect$$rtentry$$00000002  c_w.l(__rtentry2.o)
    0x080001e8   0x080001e8   0x00000006   Code   RO          541    .ARM.Collect$$rtentry$$00000004  c_w.l(__rtentry4.o)
    0x080001ee   0x080001ee   0x00000000   Code   RO          531    .ARM.Collect$$rtentry$$00000009  c_w.l(__rtentry2.o)
    0x080001ee   0x080001ee   0x00000004   Code   RO          532    .ARM.Collect$$rtentry$$0000000A  c_w.l(__rtentry2.o)
    0x080001f2   0x080001f2   0x00000000   Code   RO          534    .ARM.Collect$$rtentry$$0000000C  c_w.l(__rtentry2.o)
    0x080001f2   0x080001f2   0x00000008   Code   RO          535    .ARM.Collect$$rtentry$$0000000D  c_w.l(__rtentry2.o)
    0x080001fa   0x080001fa   0x00000002   Code   RO          626    .ARM.Collect$$rtexit$$00000000  c_w.l(rtexit.o)
    0x080001fc   0x080001fc   0x00000000   Code   RO          683    .ARM.Collect$$rtexit$$00000002  c_w.l(rtexit2.o)
    0x080001fc   0x080001fc   0x00000004   Code   RO          684    .ARM.Collect$$rtexit$$00000003  c_w.l(rtexit2.o)
    0x08000200   0x08000200   0x00000006   Code   RO          685    .ARM.Collect$$rtexit$$00000004  c_w.l(rtexit2.o)
    0x08000206   0x08000206   0x00000002   PAD
    0x08000208   0x08000208   0x00000068   Code   RO           76  * .text               startup_mdr32f9q2i.o
    0x08000270   0x08000270   0x00000018   Code   RO          424    .text               c_w.l(printf.o)
    0x08000288   0x08000288   0x00000006   Code   RO          426    .text               c_w.l(heapauxi.o)
    0x0800028e   0x0800028e   0x0000004e   Code   RO          433    .text               c_w.l(_printf_pad.o)
    0x080002dc   0x080002dc   0x00000024   Code   RO          435    .text               c_w.l(_printf_truncate.o)
    0x08000300   0x08000300   0x00000052   Code   RO          437    .text               c_w.l(_printf_str.o)
    0x08000352   0x08000352   0x00000002   PAD
    0x08000354   0x08000354   0x00000078   Code   RO          439    .text               c_w.l(_printf_dec.o)
    0x080003cc   0x080003cc   0x00000028   Code   RO          441    .text               c_w.l(_printf_charcount.o)
    0x080003f4   0x080003f4   0x00000024   Code   RO          443    .text               c_w.l(_printf_char_file.o)
    0x08000418   0x08000418   0x000000bc   Code   RO          445    .text               c_w.l(_printf_wctomb.o)
    0x080004d4   0x080004d4   0x0000007c   Code   RO          448    .text               c_w.l(_printf_longlong_dec.o)
    0x08000550   0x08000550   0x00000070   Code   RO          454    .text               c_w.l(_printf_oct_int_ll.o)
    0x080005c0   0x080005c0   0x00000094   Code   RO          474    .text               c_w.l(_printf_hex_int_ll_ptr.o)
    0x08000654   0x08000654   0x00000188   Code   RO          494    .text               c_w.l(__printf_flags_ss_wp.o)
    0x080007dc   0x080007dc   0x0000008a   Code   RO          543    .text               c_w.l(lludiv10.o)
    0x08000866   0x08000866   0x000000b2   Code   RO          545    .text               c_w.l(_printf_intcommon.o)
    0x08000918   0x08000918   0x0000041c   Code   RO          547    .text               c_w.l(_printf_fp_dec.o)
    0x08000d34   0x08000d34   0x000002fc   Code   RO          551    .text               c_w.l(_printf_fp_hex.o)
    0x08001030   0x08001030   0x00000030   Code   RO          554    .text               c_w.l(_printf_char_common.o)
    0x08001060   0x08001060   0x0000002c   Code   RO          556    .text               c_w.l(_printf_char.o)
    0x0800108c   0x0800108c   0x0000002c   Code   RO          558    .text               c_w.l(_printf_wchar.o)
    0x080010b8   0x080010b8   0x00000008   Code   RO          561    .text               c_w.l(ferror.o)
    0x080010c0   0x080010c0   0x00000048   Code   RO          565    .text               c_w.l(_c16rtomb.o)
    0x08001108   0x08001108   0x0000004a   Code   RO          567    .text               c_w.l(sys_stackheap_outer.o)
    0x08001152   0x08001152   0x00000002   PAD
    0x08001154   0x08001154   0x00000010   Code   RO          569    .text               c_w.l(rt_ctype_table.o)
    0x08001164   0x08001164   0x00000008   Code   RO          574    .text               c_w.l(rt_locale_intlibspace.o)
    0x0800116c   0x0800116c   0x00000080   Code   RO          576    .text               c_w.l(_printf_fp_infnan.o)
    0x080011ec   0x080011ec   0x000000e4   Code   RO          580    .text               c_w.l(bigflt0.o)
    0x080012d0   0x080012d0   0x00000012   Code   RO          610    .text               c_w.l(exit.o)
    0x080012e2   0x080012e2   0x00000002   PAD
    0x080012e4   0x080012e4   0x00000008   Code   RO          623    .text               c_w.l(libspace.o)
    0x080012ec   0x080012ec   0x00000080   Code   RO          633    .text               c_w.l(strcmpv7m.o)
    0x0800136c   0x0800136c   0x0000000c   Code   RO          695    .text               c_w.l(sys_exit.o)
    0x08001378   0x08001378   0x00000002   Code   RO          710    .text               c_w.l(use_no_semi.o)
    0x0800137a   0x0800137a   0x00000000   Code   RO          712    .text               c_w.l(indicate_semi.o)
    0x0800137a   0x0800137a   0x00000002   PAD
    0x0800137c   0x0800137c   0x00000066   Code   RO           63    .text.ClockInit     clock.o
    0x080013e2   0x080013e2   0x00000002   PAD
    0x080013e4   0x080013e4   0x00000096   Code   RO           48    .text.DebugUARTInit  uart.o
    0x0800147a   0x0800147a   0x00000002   PAD
    0x0800147c   0x0800147c   0x00000018   Code   RO           99    .text.EEPROM_SetLatency  mdr32fxqi_eeprom.o
    0x08001494   0x08001494   0x00000024   Code   RO           46    .text.NVIC_EnableIRQ  uart.o
    0x080014b8   0x080014b8   0x0000019c   Code   RO          114    .text.PORT_Init     mdr32fxqi_port.o
    0x08001654   0x08001654   0x00000036   Code   RO          116    .text.PORT_StructInit  mdr32fxqi_port.o
    0x0800168a   0x0800168a   0x00000002   PAD
    0x0800168c   0x0800168c   0x00000016   Code   RO          167    .text.RST_CLK_CPU_PLLcmd  mdr32fxqi_rst_clk.o
    0x080016a2   0x080016a2   0x00000002   PAD
    0x080016a4   0x080016a4   0x00000068   Code   RO          163    .text.RST_CLK_CPU_PLLconfig  mdr32fxqi_rst_clk.o
    0x0800170c   0x0800170c   0x00000064   Code   RO          169    .text.RST_CLK_CPU_PLLstatus  mdr32fxqi_rst_clk.o
    0x08001770   0x08001770   0x00000018   Code   RO          165    .text.RST_CLK_CPU_PLLuse  mdr32fxqi_rst_clk.o
    0x08001788   0x08001788   0x0000002c   Code   RO          171    .text.RST_CLK_CPUclkPrescaler  mdr32fxqi_rst_clk.o
    0x080017b4   0x080017b4   0x0000002a   Code   RO          173    .text.RST_CLK_CPUclkSelection  mdr32fxqi_rst_clk.o
    0x080017de   0x080017de   0x00000002   PAD
    0x080017e0   0x080017e0   0x000002ca   Code   RO          205    .text.RST_CLK_GetClocksFreq  mdr32fxqi_rst_clk.o
    0x08001aaa   0x08001aaa   0x00000002   PAD
    0x08001aac   0x08001aac   0x00000058   Code   RO          149    .text.RST_CLK_GetFlagStatus  mdr32fxqi_rst_clk.o
    0x08001b04   0x08001b04   0x00000050   Code   RO          145    .text.RST_CLK_HSEconfig  mdr32fxqi_rst_clk.o
    0x08001b54   0x08001b54   0x00000064   Code   RO          147    .text.RST_CLK_HSEstatus  mdr32fxqi_rst_clk.o
    0x08001bb8   0x08001bb8   0x00000034   Code   RO          203    .text.RST_CLK_PCLKcmd  mdr32fxqi_rst_clk.o
    0x08001bec   0x08001bec   0x00000038   Code   RO           61    .text.SetSelectRI   clock.o
    0x08001c24   0x08001c24   0x000000a4   Code   RO           18    .text.SimonkCalibrate  esc_control.o
    0x08001cc8   0x08001cc8   0x000001b8   Code   RO           16    .text.SimonkInit    esc_control.o
    0x08001e80   0x08001e80   0x00000082   Code   RO           65    .text.SysTick_IntegerDelay  clock.o
    0x08001f02   0x08001f02   0x00000002   PAD
    0x08001f04   0x08001f04   0x000000ee   Code   RO           83    .text.SystemCoreClockUpdate  system_mdr32f9q2i.o
    0x08001ff2   0x08001ff2   0x00000002   PAD
    0x08001ff4   0x08001ff4   0x00000076   Code   RO           85    .text.SystemInit    system_mdr32f9q2i.o
    0x0800206a   0x0800206a   0x00000002   PAD
    0x0800206c   0x0800206c   0x000000a8   Code   RO          332    .text.TIMER_BRGInit  mdr32fxqi_timer.o
    0x08002114   0x08002114   0x00000088   Code   RO          258    .text.TIMER_ChnInit  mdr32fxqi_timer.o
    0x0800219c   0x0800219c   0x0000005c   Code   RO          298    .text.TIMER_ChnOutInit  mdr32fxqi_timer.o
    0x080021f8   0x080021f8   0x00000032   Code   RO          300    .text.TIMER_ChnOutStructInit  mdr32fxqi_timer.o
    0x0800222a   0x0800222a   0x00000002   PAD
    0x0800222c   0x0800222c   0x00000040   Code   RO          260    .text.TIMER_ChnStructInit  mdr32fxqi_timer.o
    0x0800226c   0x0800226c   0x00000034   Code   RO          220    .text.TIMER_Cmd     mdr32fxqi_timer.o
    0x080022a0   0x080022a0   0x00000058   Code   RO          216    .text.TIMER_CntInit  mdr32fxqi_timer.o
    0x080022f8   0x080022f8   0x0000008a   Code   RO          214    .text.TIMER_DeInit  mdr32fxqi_timer.o
    0x08002382   0x08002382   0x00000002   PAD
    0x08002384   0x08002384   0x00000026   Code   RO          262    .text.TIMER_SetChnCompare  mdr32fxqi_timer.o
    0x080023aa   0x080023aa   0x00000002   PAD
    0x080023ac   0x080023ac   0x00000072   Code   RO            2    .text.UART1_IRQHandler  main.o
    0x0800241e   0x0800241e   0x00000002   PAD
    0x08002420   0x08002420   0x0000007a   Code   RO          373    .text.UART_BRGInit  mdr32fxqi_uart.o
    0x0800249a   0x0800249a   0x00000002   PAD
    0x0800249c   0x0800249c   0x00000010   Code   RO          355    .text.UART_ClearITPendingBit  mdr32fxqi_uart.o
    0x080024ac   0x080024ac   0x0000002e   Code   RO          347    .text.UART_Cmd      mdr32fxqi_uart.o
    0x080024da   0x080024da   0x00000002   PAD
    0x080024dc   0x080024dc   0x00000040   Code   RO          341    .text.UART_DeInit   mdr32fxqi_uart.o
    0x0800251c   0x0800251c   0x0000002e   Code   RO          371    .text.UART_GetFlagStatus  mdr32fxqi_uart.o
    0x0800254a   0x0800254a   0x00000002   PAD
    0x0800254c   0x0800254c   0x0000002e   Code   RO          353    .text.UART_GetITStatusMasked  mdr32fxqi_uart.o
    0x0800257a   0x0800257a   0x00000002   PAD
    0x0800257c   0x0800257c   0x0000002e   Code   RO          349    .text.UART_ITConfig  mdr32fxqi_uart.o
    0x080025aa   0x080025aa   0x00000002   PAD
    0x080025ac   0x080025ac   0x000000ec   Code   RO          343    .text.UART_Init     mdr32fxqi_uart.o
    0x08002698   0x08002698   0x0000000e   Code   RO          363    .text.UART_ReceiveData  mdr32fxqi_uart.o
    0x080026a6   0x080026a6   0x00000002   PAD
    0x080026a8   0x080026a8   0x00000014   Code   RO          361    .text.UART_SendData  mdr32fxqi_uart.o
    0x080026bc   0x080026bc   0x00000036   Code   RO          404    .text.fputc         mdr32fxqi_utils.o
    0x080026f2   0x080026f2   0x00000002   PAD
    0x080026f4   0x080026f4   0x000000d0   Code   RO           44    .text.iBusUARTInit  uart.o
    0x080027c4   0x080027c4   0x0000016e   Code   RO           27    .text.iBus_handler  ibus.o
    0x08002932   0x08002932   0x00000002   PAD
    0x08002934   0x08002934   0x00000074   Code   RO            4    .text.main          main.o
    0x080029a8   0x080029a8   0x00000016   Code   RO           29    .text.read_iBusChannel  ibus.o
    0x080029be   0x080029be   0x0000003e   Code   RO          583    CL$$btod_d2e        c_w.l(btod.o)
    0x080029fc   0x080029fc   0x00000046   Code   RO          585    CL$$btod_d2e_denorm_low  c_w.l(btod.o)
    0x08002a42   0x08002a42   0x00000060   Code   RO          584    CL$$btod_d2e_norm_op1  c_w.l(btod.o)
    0x08002aa2   0x08002aa2   0x00000002   PAD
    0x08002aa4   0x08002aa4   0x00000338   Code   RO          593    CL$$btod_div_common  c_w.l(btod.o)
    0x08002ddc   0x08002ddc   0x000000dc   Code   RO          590    CL$$btod_e2e        c_w.l(btod.o)
    0x08002eb8   0x08002eb8   0x0000002a   Code   RO          587    CL$$btod_ediv       c_w.l(btod.o)
    0x08002ee2   0x08002ee2   0x0000002a   Code   RO          586    CL$$btod_emul       c_w.l(btod.o)
    0x08002f0c   0x08002f0c   0x00000244   Code   RO          592    CL$$btod_mult_common  c_w.l(btod.o)
    0x08003150   0x08003150   0x00000028   Code   RO          621    i.__ARM_fpclassify  m_ws.l(fpclassify.o)
    0x08003178   0x08003178   0x0000000e   Code   RO          487    i._is_digit         c_w.l(__printf_wp.o)
    0x08003186   0x08003186   0x00000002   PAD
    0x08003188   0x08003188   0x0000002c   Code   RO          608    locale$$code        c_w.l(lc_numeric_c.o)
    0x080031b4   0x080031b4   0x0000002c   Code   RO          631    locale$$code        c_w.l(lc_ctype_c.o)
    0x080031e0   0x080031e0   0x00000004   Code   RO          520    x$fpl$printf1       fz_ws.l(printf1.o)
    0x080031e4   0x080031e4   0x00000004   Code   RO          522    x$fpl$printf2       fz_ws.l(printf2.o)
    0x080031e8   0x080031e8   0x00000000   Code   RO          620    x$fpl$usenofp       fz_ws.l(usenofp.o)
    0x080031e8   0x080031e8   0x00000008   Data   RO          446    .constdata          c_w.l(_printf_wctomb.o)
    0x080031f0   0x080031f0   0x00000028   Data   RO          475    .constdata          c_w.l(_printf_hex_int_ll_ptr.o)
    0x08003218   0x08003218   0x00000011   Data   RO          495    .constdata          c_w.l(__printf_flags_ss_wp.o)
    0x08003229   0x08003229   0x00000026   Data   RO          552    .constdata          c_w.l(_printf_fp_hex.o)
    0x0800324f   0x0800324f   0x00000001   PAD
    0x08003250   0x08003250   0x00000094   Data   RO          581    .constdata          c_w.l(bigflt0.o)
    0x080032e4   0x080032e4   0x00000010   Data   RO            7    .rodata.str1.1      main.o
    0x080032f4   0x080032f4   0x00000020   Data   RO          768    Region$$Table       anon$$obj.o
    0x08003314   0x08003314   0x0000001c   Data   RO          607    locale$$data        c_w.l(lc_numeric_c.o)
    0x08003330   0x08003330   0x00000110   Data   RO          630    locale$$data        c_w.l(lc_ctype_c.o)


    Execution Region ER_RW (Exec base: 0x20000000, Load base: 0x08003440, Size: 0x00000004, Max: 0xffffffff, ABSOLUTE)

    Exec Addr    Load Addr    Size         Type   Attr      Idx    E Section Name        Object

    0x20000000   0x08003440   0x00000004   Data   RW           87    .data.SystemCoreClock  system_mdr32f9q2i.o


    Execution Region ER_ZI (Exec base: 0x20000008, Load base: 0x08003444, Size: 0x000006f8, Max: 0xffffffff, ABSOLUTE)

    Exec Addr    Load Addr    Size         Type   Attr      Idx    E Section Name        Object

    0x20000008        -       0x00000060   Zero   RW          624    .bss                c_w.l(libspace.o)
    0x20000068        -       0x00000054   Zero   RW          414    .bss.__stdout       mdr32fxqi_utils.o
    0x200000bc        -       0x0000001c   Zero   RW            6    .bss.iBusMotors     main.o
    0x200000d8        -       0x00000020   Zero   RW           33    .bss.iBus_handler.buffer  ibus.o
    0x200000f8        -       0x00000002   Zero   RW           35    .bss.iBus_handler.chksum  ibus.o
    0x200000fa        -       0x00000002   Zero   RW           36    .bss.iBus_handler.chksuml  ibus.o
    0x200000fc        -       0x00000001   Zero   RW           32    .bss.iBus_handler.current_index  ibus.o
    0x200000fd        -       0x00000001   Zero   RW           31    .bss.iBus_handler.ibus_state  ibus.o
    0x200000fe        -       0x00000001   Zero   RW           34    .bss.iBus_handler.message_length  ibus.o
    0x200000ff   0x08003444   0x00000001   PAD
    0x20000100        -       0x00000200   Zero   RW           74    HEAP                startup_mdr32f9q2i.o
    0x20000300        -       0x00000400   Zero   RW           73    STACK               startup_mdr32f9q2i.o


==============================================================================

Image component sizes


      Code (inc. data)   RO Data    RW Data    ZI Data      Debug   Object Name

       288          0          0          0          0       3584   clock.o
       604          0          0          0          0       7736   esc_control.o
       388          4          0          0         39       1546   ibus.o
       230          0         16          0         28       1963   main.o
        24          0          0          0          0       4322   mdr32fxqi_eeprom.o
       466          0          0          0          0       4861   mdr32fxqi_port.o
      1370          0          0          0          0      11527   mdr32fxqi_rst_clk.o
       826          0          0          0          0      20767   mdr32fxqi_timer.o
       656          0          0          0          0       7446   mdr32fxqi_uart.o
        54          0          0          0         84       9861   mdr32fxqi_utils.o
       104         26        192          0       1536       1680   startup_mdr32f9q2i.o
       356          0          0          4          0       2209   system_mdr32f9q2i.o
       394          0          0          0          0       6445   uart.o

    ----------------------------------------------------------------------
      5802         30        240          4       1688      83947   Object Totals
         0          0         32          0          0          0   (incl. Generated)
        42          0          0          0          1          0   (incl. Padding)

    ----------------------------------------------------------------------

      Code (inc. data)   RO Data    RW Data    ZI Data      Debug   Library Member Name

         8          0          0          0          0         68   __main.o
       392          4         17          0          0         92   __printf_flags_ss_wp.o
        14          0          0          0          0         68   __printf_wp.o
         0          0          0          0          0          0   __rtentry.o
        12          0          0          0          0          0   __rtentry2.o
         6          0          0          0          0          0   __rtentry4.o
        52          8          0          0          0          0   __scatter.o
        26          0          0          0          0          0   __scatter_copy.o
        28          0          0          0          0          0   __scatter_zi.o
        72          0          0          0          0         96   _c16rtomb.o
         6          0          0          0          0          0   _printf_a.o
         6          0          0          0          0          0   _printf_c.o
        44          0          0          0          0        108   _printf_char.o
        48          6          0          0          0         96   _printf_char_common.o
        36          4          0          0          0         80   _printf_char_file.o
        40          0          0          0          0         68   _printf_charcount.o
         6          0          0          0          0          0   _printf_d.o
       120         16          0          0          0         92   _printf_dec.o
         6          0          0          0          0          0   _printf_e.o
         6          0          0          0          0          0   _printf_f.o
      1052          0          0          0          0        148   _printf_fp_dec.o
       764          8         38          0          0        100   _printf_fp_hex.o
       128         16          0          0          0         84   _printf_fp_infnan.o
         6          0          0          0          0          0   _printf_g.o
       148          4         40          0          0        160   _printf_hex_int_ll_ptr.o
         6          0          0          0          0          0   _printf_i.o
       178          0          0          0          0         88   _printf_intcommon.o
        10          0          0          0          0          0   _printf_l.o
         6          0          0          0          0          0   _printf_lc.o
        10          0          0          0          0          0   _printf_ll.o
         6          0          0          0          0          0   _printf_lld.o
         6          0          0          0          0          0   _printf_lli.o
         6          0          0          0          0          0   _printf_llo.o
         6          0          0          0          0          0   _printf_llu.o
         6          0          0          0          0          0   _printf_llx.o
       124         16          0          0          0         92   _printf_longlong_dec.o
         6          0          0          0          0          0   _printf_ls.o
         6          0          0          0          0          0   _printf_n.o
         6          0          0          0          0          0   _printf_o.o
       112          8          0          0          0        124   _printf_oct_int_ll.o
         6          0          0          0          0          0   _printf_p.o
        78          0          0          0          0        108   _printf_pad.o
         0          0          0          0          0          0   _printf_percent.o
         4          0          0          0          0          0   _printf_percent_end.o
         6          0          0          0          0          0   _printf_s.o
        82          0          0          0          0         80   _printf_str.o
        36          0          0          0          0         84   _printf_truncate.o
         6          0          0          0          0          0   _printf_u.o
        44          0          0          0          0        108   _printf_wchar.o
       188          6          8          0          0         92   _printf_wctomb.o
         6          0          0          0          0          0   _printf_x.o
       228          4        148          0          0         96   bigflt0.o
      1936        128          0          0          0        668   btod.o
        18          0          0          0          0         80   exit.o
         8          0          0          0          0         68   ferror.o
         6          0          0          0          0        152   heapauxi.o
         0          0          0          0          0          0   indicate_semi.o
        44         10        272          0          0         76   lc_ctype_c.o
        44         10         28          0          0         76   lc_numeric_c.o
         2          0          0          0          0          0   libinit.o
        30          0          0          0          0          0   libinit2.o
         2          0          0          0          0          0   libshutdown.o
         2          0          0          0          0          0   libshutdown2.o
         8          4          0          0         96         68   libspace.o
       138          0          0          0          0         80   lludiv10.o
        24          4          0          0          0         84   printf.o
        16          4          0          0          0         76   rt_ctype_table.o
         8          4          0          0          0         68   rt_locale_intlibspace.o
         2          0          0          0          0          0   rtexit.o
        10          0          0          0          0          0   rtexit2.o
       128          0          0          0          0         68   strcmpv7m.o
        12          4          0          0          0         68   sys_exit.o
        74          0          0          0          0         80   sys_stackheap_outer.o
         2          0          0          0          0         68   use_no_semi.o
         4          0          0          0          0         68   printf1.o
         4          0          0          0          0         68   printf2.o
         0          0          0          0          0          0   usenofp.o
        40          0          0          0          0         68   fpclassify.o

    ----------------------------------------------------------------------
      6782        268        552          0         96       4116   Library Totals
        16          0          1          0          0          0   (incl. Padding)

    ----------------------------------------------------------------------

      Code (inc. data)   RO Data    RW Data    ZI Data      Debug   Library Name

      6718        268        551          0         96       3912   c_w.l
         8          0          0          0          0        136   fz_ws.l
        40          0          0          0          0         68   m_ws.l

    ----------------------------------------------------------------------
      6782        268        552          0         96       4116   Library Totals

    ----------------------------------------------------------------------

==============================================================================


      Code (inc. data)   RO Data    RW Data    ZI Data      Debug   

     12584        298        792          4       1784      85655   Grand Totals
     12584        298        792          4       1784      85655   ELF Image Totals
     12584        298        792          4          0          0   ROM Totals

==============================================================================

    Total RO  Size (Code + RO Data)                13376 (  13.06kB)
    Total RW  Size (RW Data + ZI Data)              1788 (   1.75kB)
    Total ROM Size (Code + RO Data + RW Data)      13380 (  13.07kB)

==============================================================================

